18:14:35 **** Incremental Build of configuration Debug for project multiblock_sch_app ****
make pre-build main-build 
a9-linaro-pre-build-step
' '
make: Nothing to be done for `main-build'.
18:14:39 **** Incremental Build of configuration Debug for project multiblock_sch_app ****
make pre-build main-build 
a9-linaro-pre-build-step
' '
make: Nothing to be done for `main-build'.
18:15:41 **** Incremental Build of configuration Debug for project multiblock_sch_app ****
make pre-build main-build 
a9-linaro-pre-build-step
' '
'Building file: ../src/helloworld.c'
'Invoking: ARM v7 gcc compiler'
arm-none-eabi-gcc -Wall -O0 -g3 -c -fmessage-length=0 -MT"src/helloworld.o" -mcpu=cortex-a9 -mfpu=vfpv3 -mfloat-abi=hard -I../../multiblock_sch_app_bsp/ps7_cortexa9_0/include -MMD -MP -MF"src/helloworld.d" -MT"src/helloworld.o" -o "src/helloworld.o" "../src/helloworld.c"
'Finished building: ../src/helloworld.c'
' '
'Building target: multiblock_sch_app.elf'
'Invoking: ARM v7 gcc linker'
arm-none-eabi-gcc -mcpu=cortex-a9 -mfpu=vfpv3 -mfloat-abi=hard -Wl,-build-id=none -specs=Xilinx.spec -Wl,-T -Wl,../src/lscript.ld -L../../multiblock_sch_app_bsp/ps7_cortexa9_0/lib -o "multiblock_sch_app.elf"  ./src/PR_executer.o ./src/aes_checker.o ./src/bfs_checker.o ./src/fft_checker.o ./src/fft_profiling.o ./src/gemm_checker.o ./src/helloworld.o ./src/kmp_checker.o ./src/platform.o ./src/scheduler.o ./src/sha_checker.o ./src/sha_profiling.o ./src/sort_checker.o ./src/sort_profiling.o ./src/spmv_checking.o ./src/stencil_checker.o ./src/stfs_scheduling.o   -Wl,--start-group,-lxil,-lgcc,-lc,--end-group -Wl,--start-group,-lxilffs,-lxil,-lgcc,-lc,--end-group
'Finished building target: multiblock_sch_app.elf'
' '
'Invoking: ARM v7 Print Size'
arm-none-eabi-size multiblock_sch_app.elf  |tee "multiblock_sch_app.elf.size"
   text	   data	    bss	    dec	    hex	filename
 137064	   3420	322131760	322272244	13357bf4	multiblock_sch_app.elf
'Finished building: multiblock_sch_app.elf.size'
' '
18:16:04 **** Incremental Build of configuration Debug for project multiblock_sch_app ****
make pre-build main-build 
a9-linaro-pre-build-step
' '
'Building file: ../src/PR_executer.c'
'Invoking: ARM v7 gcc compiler'
arm-none-eabi-gcc -Wall -O0 -g3 -c -fmessage-length=0 -MT"src/PR_executer.o" -mcpu=cortex-a9 -mfpu=vfpv3 -mfloat-abi=hard -I../../multiblock_sch_app_bsp/ps7_cortexa9_0/include -MMD -MP -MF"src/PR_executer.d" -MT"src/PR_executer.o" -o "src/PR_executer.o" "../src/PR_executer.c"
'Finished building: ../src/PR_executer.c'
' '
'Building file: ../src/aes_checker.c'
'Invoking: ARM v7 gcc compiler'
arm-none-eabi-gcc -Wall -O0 -g3 -c -fmessage-length=0 -MT"src/aes_checker.o" -mcpu=cortex-a9 -mfpu=vfpv3 -mfloat-abi=hard -I../../multiblock_sch_app_bsp/ps7_cortexa9_0/include -MMD -MP -MF"src/aes_checker.d" -MT"src/aes_checker.o" -o "src/aes_checker.o" "../src/aes_checker.c"
../src/aes_checker.c: In function 'aes_256_operation':
../src/aes_checker.c:30:4: warning: this 'else' clause does not guard... [-Wmisleading-indentation]
    else
    ^~~~
../src/aes_checker.c:32:5: note: ...this statement, but the latter is misleadingly indented as if it is guarded by the 'else'
     for (i = 0; i < 8; i++)
     ^~~
../src/aes_checker.c:17:14: warning: variable 'res1' set but not used [-Wunused-but-set-variable]
     uint32_t res1;
              ^~~~
../src/aes_checker.c:16:14: warning: variable 'res0' set but not used [-Wunused-but-set-variable]
     uint32_t res0;
              ^~~~
'Finished building: ../src/aes_checker.c'
' '
'Building file: ../src/bfs_checker.c'
'Invoking: ARM v7 gcc compiler'
arm-none-eabi-gcc -Wall -O0 -g3 -c -fmessage-length=0 -MT"src/bfs_checker.o" -mcpu=cortex-a9 -mfpu=vfpv3 -mfloat-abi=hard -I../../multiblock_sch_app_bsp/ps7_cortexa9_0/include -MMD -MP -MF"src/bfs_checker.d" -MT"src/bfs_checker.o" -o "src/bfs_checker.o" "../src/bfs_checker.c"
'Finished building: ../src/bfs_checker.c'
' '
'Building file: ../src/fft_checker.c'
'Invoking: ARM v7 gcc compiler'
arm-none-eabi-gcc -Wall -O0 -g3 -c -fmessage-length=0 -MT"src/fft_checker.o" -mcpu=cortex-a9 -mfpu=vfpv3 -mfloat-abi=hard -I../../multiblock_sch_app_bsp/ps7_cortexa9_0/include -MMD -MP -MF"src/fft_checker.d" -MT"src/fft_checker.o" -o "src/fft_checker.o" "../src/fft_checker.c"
../src/fft_checker.c: In function 'fft_operation':
../src/fft_checker.c:38:23: warning: variable 'tmp' set but not used [-Wunused-but-set-variable]
              uint32_t tmp;
                       ^~~
'Finished building: ../src/fft_checker.c'
' '
'Building file: ../src/fft_profiling.c'
'Invoking: ARM v7 gcc compiler'
arm-none-eabi-gcc -Wall -O0 -g3 -c -fmessage-length=0 -MT"src/fft_profiling.o" -mcpu=cortex-a9 -mfpu=vfpv3 -mfloat-abi=hard -I../../multiblock_sch_app_bsp/ps7_cortexa9_0/include -MMD -MP -MF"src/fft_profiling.d" -MT"src/fft_profiling.o" -o "src/fft_profiling.o" "../src/fft_profiling.c"
'Finished building: ../src/fft_profiling.c'
' '
'Building file: ../src/gemm_checker.c'
'Invoking: ARM v7 gcc compiler'
arm-none-eabi-gcc -Wall -O0 -g3 -c -fmessage-length=0 -MT"src/gemm_checker.o" -mcpu=cortex-a9 -mfpu=vfpv3 -mfloat-abi=hard -I../../multiblock_sch_app_bsp/ps7_cortexa9_0/include -MMD -MP -MF"src/gemm_checker.d" -MT"src/gemm_checker.o" -o "src/gemm_checker.o" "../src/gemm_checker.c"
../src/gemm_checker.c: In function 'gemm_operation':
../src/gemm_checker.c:18:14: warning: implicit declaration of function 'PR_execution' [-Wimplicit-function-declaration]
              PR_execution("gemm0.bin");
              ^~~~~~~~~~~~
../src/gemm_checker.c:43:29: warning: variable 'tmp' set but not used [-Wunused-but-set-variable]
                    for (i = 0; i < 8192; i++){
                             ^~~
../src/gemm_checker.c:83:29: warning: variable 'tmp' set but not used [-Wunused-but-set-variable]
                    for (i = 0; i < 8192; i++){
                             ^~~
'Finished building: ../src/gemm_checker.c'
' '
'Building file: ../src/helloworld.c'
'Invoking: ARM v7 gcc compiler'
arm-none-eabi-gcc -Wall -O0 -g3 -c -fmessage-length=0 -MT"src/helloworld.o" -mcpu=cortex-a9 -mfpu=vfpv3 -mfloat-abi=hard -I../../multiblock_sch_app_bsp/ps7_cortexa9_0/include -MMD -MP -MF"src/helloworld.d" -MT"src/helloworld.o" -o "src/helloworld.o" "../src/helloworld.c"
'Finished building: ../src/helloworld.c'
' '
'Building file: ../src/kmp_checker.c'
'Invoking: ARM v7 gcc compiler'
arm-none-eabi-gcc -Wall -O0 -g3 -c -fmessage-length=0 -MT"src/kmp_checker.o" -mcpu=cortex-a9 -mfpu=vfpv3 -mfloat-abi=hard -I../../multiblock_sch_app_bsp/ps7_cortexa9_0/include -MMD -MP -MF"src/kmp_checker.d" -MT"src/kmp_checker.o" -o "src/kmp_checker.o" "../src/kmp_checker.c"
../src/kmp_checker.c: In function 'kmp_operation':
../src/kmp_checker.c:19:14: warning: implicit declaration of function 'PR_execution' [-Wimplicit-function-declaration]
              PR_execution("kmp0.bin");
              ^~~~~~~~~~~~
../src/kmp_checker.c:44:25: warning: variable 'tmp' set but not used [-Wunused-but-set-variable]
                uint32_t tmp;
                         ^~~
../src/kmp_checker.c:87:16: warning: variable 'tmp' set but not used [-Wunused-but-set-variable]
       uint32_t tmp;
                ^~~
../src/kmp_checker.c:130:16: warning: variable 'tmp' set but not used [-Wunused-but-set-variable]
       uint32_t tmp;
                ^~~
'Finished building: ../src/kmp_checker.c'
' '
'Building file: ../src/scheduler.c'
'Invoking: ARM v7 gcc compiler'
arm-none-eabi-gcc -Wall -O0 -g3 -c -fmessage-length=0 -MT"src/scheduler.o" -mcpu=cortex-a9 -mfpu=vfpv3 -mfloat-abi=hard -I../../multiblock_sch_app_bsp/ps7_cortexa9_0/include -MMD -MP -MF"src/scheduler.d" -MT"src/scheduler.o" -o "src/scheduler.o" "../src/scheduler.c"
'Finished building: ../src/scheduler.c'
' '
'Building file: ../src/sha_checker.c'
'Invoking: ARM v7 gcc compiler'
arm-none-eabi-gcc -Wall -O0 -g3 -c -fmessage-length=0 -MT"src/sha_checker.o" -mcpu=cortex-a9 -mfpu=vfpv3 -mfloat-abi=hard -I../../multiblock_sch_app_bsp/ps7_cortexa9_0/include -MMD -MP -MF"src/sha_checker.d" -MT"src/sha_checker.o" -o "src/sha_checker.o" "../src/sha_checker.c"
../src/sha_checker.c: In function 'sha_operation':
../src/sha_checker.c:39:18: warning: variable 'tmp' set but not used [-Wunused-but-set-variable]
         uint32_t tmp;
                  ^~~
../src/sha_checker.c:72:18: warning: variable 'tmp' set but not used [-Wunused-but-set-variable]
         uint32_t tmp;
                  ^~~
../src/sha_checker.c:104:18: warning: variable 'tmp' set but not used [-Wunused-but-set-variable]
         uint32_t tmp;
                  ^~~
'Finished building: ../src/sha_checker.c'
' '
'Building file: ../src/sha_profiling.c'
'Invoking: ARM v7 gcc compiler'
arm-none-eabi-gcc -Wall -O0 -g3 -c -fmessage-length=0 -MT"src/sha_profiling.o" -mcpu=cortex-a9 -mfpu=vfpv3 -mfloat-abi=hard -I../../multiblock_sch_app_bsp/ps7_cortexa9_0/include -MMD -MP -MF"src/sha_profiling.d" -MT"src/sha_profiling.o" -o "src/sha_profiling.o" "../src/sha_profiling.c"
'Finished building: ../src/sha_profiling.c'
' '
'Building file: ../src/sort_checker.c'
'Invoking: ARM v7 gcc compiler'
arm-none-eabi-gcc -Wall -O0 -g3 -c -fmessage-length=0 -MT"src/sort_checker.o" -mcpu=cortex-a9 -mfpu=vfpv3 -mfloat-abi=hard -I../../multiblock_sch_app_bsp/ps7_cortexa9_0/include -MMD -MP -MF"src/sort_checker.d" -MT"src/sort_checker.o" -o "src/sort_checker.o" "../src/sort_checker.c"
../src/sort_checker.c: In function 'sort_operation':
../src/sort_checker.c:40:29: warning: variable 'tmp' set but not used [-Wunused-but-set-variable]
                    uint32_t tmp;
                             ^~~
../src/sort_checker.c:75:29: warning: variable 'tmp' set but not used [-Wunused-but-set-variable]
                    uint32_t tmp;
                             ^~~
../src/sort_checker.c:110:29: warning: variable 'tmp' set but not used [-Wunused-but-set-variable]
                    uint32_t tmp;
                             ^~~
'Finished building: ../src/sort_checker.c'
' '
'Building file: ../src/sort_profiling.c'
'Invoking: ARM v7 gcc compiler'
arm-none-eabi-gcc -Wall -O0 -g3 -c -fmessage-length=0 -MT"src/sort_profiling.o" -mcpu=cortex-a9 -mfpu=vfpv3 -mfloat-abi=hard -I../../multiblock_sch_app_bsp/ps7_cortexa9_0/include -MMD -MP -MF"src/sort_profiling.d" -MT"src/sort_profiling.o" -o "src/sort_profiling.o" "../src/sort_profiling.c"
'Finished building: ../src/sort_profiling.c'
' '
'Building file: ../src/spmv_checking.c'
'Invoking: ARM v7 gcc compiler'
arm-none-eabi-gcc -Wall -O0 -g3 -c -fmessage-length=0 -MT"src/spmv_checking.o" -mcpu=cortex-a9 -mfpu=vfpv3 -mfloat-abi=hard -I../../multiblock_sch_app_bsp/ps7_cortexa9_0/include -MMD -MP -MF"src/spmv_checking.d" -MT"src/spmv_checking.o" -o "src/spmv_checking.o" "../src/spmv_checking.c"
../src/spmv_checking.c: In function 'spmv_operation':
../src/spmv_checking.c:12:14: warning: implicit declaration of function 'PR_execution' [-Wimplicit-function-declaration]
              PR_execution("spmv0.bin");
              ^~~~~~~~~~~~
../src/spmv_checking.c:42:29: warning: variable 'tmp' set but not used [-Wunused-but-set-variable]
                    uint32_t tmp;
                             ^~~
../src/spmv_checking.c:86:29: warning: variable 'tmp' set but not used [-Wunused-but-set-variable]
                    uint32_t tmp;
                             ^~~
../src/spmv_checking.c:130:29: warning: variable 'tmp' set but not used [-Wunused-but-set-variable]
                    uint32_t tmp;
                             ^~~
'Finished building: ../src/spmv_checking.c'
' '
'Building file: ../src/stencil_checker.c'
'Invoking: ARM v7 gcc compiler'
arm-none-eabi-gcc -Wall -O0 -g3 -c -fmessage-length=0 -MT"src/stencil_checker.o" -mcpu=cortex-a9 -mfpu=vfpv3 -mfloat-abi=hard -I../../multiblock_sch_app_bsp/ps7_cortexa9_0/include -MMD -MP -MF"src/stencil_checker.d" -MT"src/stencil_checker.o" -o "src/stencil_checker.o" "../src/stencil_checker.c"
../src/stencil_checker.c: In function 'stencil_operation':
../src/stencil_checker.c:40:29: warning: variable 'tmp' set but not used [-Wunused-but-set-variable]
                    uint32_t tmp;
                             ^~~
../src/stencil_checker.c:76:29: warning: variable 'tmp' set but not used [-Wunused-but-set-variable]
                    uint32_t tmp;
                             ^~~
'Finished building: ../src/stencil_checker.c'
' '
'Building file: ../src/stfs_scheduling.c'
'Invoking: ARM v7 gcc compiler'
arm-none-eabi-gcc -Wall -O0 -g3 -c -fmessage-length=0 -MT"src/stfs_scheduling.o" -mcpu=cortex-a9 -mfpu=vfpv3 -mfloat-abi=hard -I../../multiblock_sch_app_bsp/ps7_cortexa9_0/include -MMD -MP -MF"src/stfs_scheduling.d" -MT"src/stfs_scheduling.o" -o "src/stfs_scheduling.o" "../src/stfs_scheduling.c"
../src/stfs_scheduling.c: In function 'stfs_swaping':
../src/stfs_scheduling.c:267:8: warning: unused variable 'old_order' [-Wunused-variable]
    int old_order = Slots->IP_order;
        ^~~~~~~~~
'Finished building: ../src/stfs_scheduling.c'
' '
'Building target: multiblock_sch_app.elf'
'Invoking: ARM v7 gcc linker'
arm-none-eabi-gcc -mcpu=cortex-a9 -mfpu=vfpv3 -mfloat-abi=hard -Wl,-build-id=none -specs=Xilinx.spec -Wl,-T -Wl,../src/lscript.ld -L../../multiblock_sch_app_bsp/ps7_cortexa9_0/lib -o "multiblock_sch_app.elf"  ./src/PR_executer.o ./src/aes_checker.o ./src/bfs_checker.o ./src/fft_checker.o ./src/fft_profiling.o ./src/gemm_checker.o ./src/helloworld.o ./src/kmp_checker.o ./src/platform.o ./src/scheduler.o ./src/sha_checker.o ./src/sha_profiling.o ./src/sort_checker.o ./src/sort_profiling.o ./src/spmv_checking.o ./src/stencil_checker.o ./src/stfs_scheduling.o   -Wl,--start-group,-lxil,-lgcc,-lc,--end-group -Wl,--start-group,-lxilffs,-lxil,-lgcc,-lc,--end-group
'Finished building target: multiblock_sch_app.elf'
' '
'Invoking: ARM v7 Print Size'
arm-none-eabi-size multiblock_sch_app.elf  |tee "multiblock_sch_app.elf.size"
   text	   data	    bss	    dec	    hex	filename
 136744	   3420	322131760	322271924	13357ab4	multiblock_sch_app.elf
'Finished building: multiblock_sch_app.elf.size'
' '
18:16:33 **** Incremental Build of configuration Debug for project multiblock_sch_app ****
make pre-build main-build 
a9-linaro-pre-build-step
' '
'Building file: ../src/helloworld.c'
'Invoking: ARM v7 gcc compiler'
arm-none-eabi-gcc -Wall -O0 -g3 -c -fmessage-length=0 -MT"src/helloworld.o" -mcpu=cortex-a9 -mfpu=vfpv3 -mfloat-abi=hard -I../../multiblock_sch_app_bsp/ps7_cortexa9_0/include -MMD -MP -MF"src/helloworld.d" -MT"src/helloworld.o" -o "src/helloworld.o" "../src/helloworld.c"
'Finished building: ../src/helloworld.c'
' '
'Building target: multiblock_sch_app.elf'
'Invoking: ARM v7 gcc linker'
arm-none-eabi-gcc -mcpu=cortex-a9 -mfpu=vfpv3 -mfloat-abi=hard -Wl,-build-id=none -specs=Xilinx.spec -Wl,-T -Wl,../src/lscript.ld -L../../multiblock_sch_app_bsp/ps7_cortexa9_0/lib -o "multiblock_sch_app.elf"  ./src/PR_executer.o ./src/aes_checker.o ./src/bfs_checker.o ./src/fft_checker.o ./src/fft_profiling.o ./src/gemm_checker.o ./src/helloworld.o ./src/kmp_checker.o ./src/platform.o ./src/scheduler.o ./src/sha_checker.o ./src/sha_profiling.o ./src/sort_checker.o ./src/sort_profiling.o ./src/spmv_checking.o ./src/stencil_checker.o ./src/stfs_scheduling.o   -Wl,--start-group,-lxil,-lgcc,-lc,--end-group -Wl,--start-group,-lxilffs,-lxil,-lgcc,-lc,--end-group
'Finished building target: multiblock_sch_app.elf'
' '
'Invoking: ARM v7 Print Size'
arm-none-eabi-size multiblock_sch_app.elf  |tee "multiblock_sch_app.elf.size"
   text	   data	    bss	    dec	    hex	filename
 136744	   3420	322131760	322271924	13357ab4	multiblock_sch_app.elf
'Finished building: multiblock_sch_app.elf.size'
' '
18:17:27 **** Incremental Build of configuration Debug for project multiblock_sch_app ****
make pre-build main-build 
a9-linaro-pre-build-step
' '
'Building file: ../src/PR_executer.c'
'Invoking: ARM v7 gcc compiler'
arm-none-eabi-gcc -Wall -O0 -g3 -c -fmessage-length=0 -MT"src/PR_executer.o" -mcpu=cortex-a9 -mfpu=vfpv3 -mfloat-abi=hard -I../../multiblock_sch_app_bsp/ps7_cortexa9_0/include -MMD -MP -MF"src/PR_executer.d" -MT"src/PR_executer.o" -o "src/PR_executer.o" "../src/PR_executer.c"
'Finished building: ../src/PR_executer.c'
' '
'Building file: ../src/aes_checker.c'
'Invoking: ARM v7 gcc compiler'
arm-none-eabi-gcc -Wall -O0 -g3 -c -fmessage-length=0 -MT"src/aes_checker.o" -mcpu=cortex-a9 -mfpu=vfpv3 -mfloat-abi=hard -I../../multiblock_sch_app_bsp/ps7_cortexa9_0/include -MMD -MP -MF"src/aes_checker.d" -MT"src/aes_checker.o" -o "src/aes_checker.o" "../src/aes_checker.c"
../src/aes_checker.c: In function 'aes_256_operation':
../src/aes_checker.c:30:4: warning: this 'else' clause does not guard... [-Wmisleading-indentation]
    else
    ^~~~
../src/aes_checker.c:32:5: note: ...this statement, but the latter is misleadingly indented as if it is guarded by the 'else'
     for (i = 0; i < 8; i++)
     ^~~
../src/aes_checker.c:17:14: warning: variable 'res1' set but not used [-Wunused-but-set-variable]
     uint32_t res1;
              ^~~~
../src/aes_checker.c:16:14: warning: variable 'res0' set but not used [-Wunused-but-set-variable]
     uint32_t res0;
              ^~~~
'Finished building: ../src/aes_checker.c'
' '
'Building file: ../src/bfs_checker.c'
'Invoking: ARM v7 gcc compiler'
arm-none-eabi-gcc -Wall -O0 -g3 -c -fmessage-length=0 -MT"src/bfs_checker.o" -mcpu=cortex-a9 -mfpu=vfpv3 -mfloat-abi=hard -I../../multiblock_sch_app_bsp/ps7_cortexa9_0/include -MMD -MP -MF"src/bfs_checker.d" -MT"src/bfs_checker.o" -o "src/bfs_checker.o" "../src/bfs_checker.c"
'Finished building: ../src/bfs_checker.c'
' '
'Building file: ../src/fft_checker.c'
'Invoking: ARM v7 gcc compiler'
arm-none-eabi-gcc -Wall -O0 -g3 -c -fmessage-length=0 -MT"src/fft_checker.o" -mcpu=cortex-a9 -mfpu=vfpv3 -mfloat-abi=hard -I../../multiblock_sch_app_bsp/ps7_cortexa9_0/include -MMD -MP -MF"src/fft_checker.d" -MT"src/fft_checker.o" -o "src/fft_checker.o" "../src/fft_checker.c"
../src/fft_checker.c: In function 'fft_operation':
../src/fft_checker.c:38:23: warning: variable 'tmp' set but not used [-Wunused-but-set-variable]
              uint32_t tmp;
                       ^~~
'Finished building: ../src/fft_checker.c'
' '
'Building file: ../src/fft_profiling.c'
'Invoking: ARM v7 gcc compiler'
arm-none-eabi-gcc -Wall -O0 -g3 -c -fmessage-length=0 -MT"src/fft_profiling.o" -mcpu=cortex-a9 -mfpu=vfpv3 -mfloat-abi=hard -I../../multiblock_sch_app_bsp/ps7_cortexa9_0/include -MMD -MP -MF"src/fft_profiling.d" -MT"src/fft_profiling.o" -o "src/fft_profiling.o" "../src/fft_profiling.c"
'Finished building: ../src/fft_profiling.c'
' '
'Building file: ../src/gemm_checker.c'
'Invoking: ARM v7 gcc compiler'
arm-none-eabi-gcc -Wall -O0 -g3 -c -fmessage-length=0 -MT"src/gemm_checker.o" -mcpu=cortex-a9 -mfpu=vfpv3 -mfloat-abi=hard -I../../multiblock_sch_app_bsp/ps7_cortexa9_0/include -MMD -MP -MF"src/gemm_checker.d" -MT"src/gemm_checker.o" -o "src/gemm_checker.o" "../src/gemm_checker.c"
../src/gemm_checker.c: In function 'gemm_operation':
../src/gemm_checker.c:18:14: warning: implicit declaration of function 'PR_execution' [-Wimplicit-function-declaration]
              PR_execution("gemm0.bin");
              ^~~~~~~~~~~~
../src/gemm_checker.c:43:29: warning: variable 'tmp' set but not used [-Wunused-but-set-variable]
                    for (i = 0; i < 8192; i++){
                             ^~~
../src/gemm_checker.c:83:29: warning: variable 'tmp' set but not used [-Wunused-but-set-variable]
                    for (i = 0; i < 8192; i++){
                             ^~~
'Finished building: ../src/gemm_checker.c'
' '
'Building file: ../src/helloworld.c'
'Invoking: ARM v7 gcc compiler'
arm-none-eabi-gcc -Wall -O0 -g3 -c -fmessage-length=0 -MT"src/helloworld.o" -mcpu=cortex-a9 -mfpu=vfpv3 -mfloat-abi=hard -I../../multiblock_sch_app_bsp/ps7_cortexa9_0/include -MMD -MP -MF"src/helloworld.d" -MT"src/helloworld.o" -o "src/helloworld.o" "../src/helloworld.c"
'Finished building: ../src/helloworld.c'
' '
'Building file: ../src/kmp_checker.c'
'Invoking: ARM v7 gcc compiler'
arm-none-eabi-gcc -Wall -O0 -g3 -c -fmessage-length=0 -MT"src/kmp_checker.o" -mcpu=cortex-a9 -mfpu=vfpv3 -mfloat-abi=hard -I../../multiblock_sch_app_bsp/ps7_cortexa9_0/include -MMD -MP -MF"src/kmp_checker.d" -MT"src/kmp_checker.o" -o "src/kmp_checker.o" "../src/kmp_checker.c"
../src/kmp_checker.c: In function 'kmp_operation':
../src/kmp_checker.c:19:14: warning: implicit declaration of function 'PR_execution' [-Wimplicit-function-declaration]
              PR_execution("kmp0.bin");
              ^~~~~~~~~~~~
../src/kmp_checker.c:44:25: warning: variable 'tmp' set but not used [-Wunused-but-set-variable]
                uint32_t tmp;
                         ^~~
../src/kmp_checker.c:87:16: warning: variable 'tmp' set but not used [-Wunused-but-set-variable]
       uint32_t tmp;
                ^~~
../src/kmp_checker.c:130:16: warning: variable 'tmp' set but not used [-Wunused-but-set-variable]
       uint32_t tmp;
                ^~~
'Finished building: ../src/kmp_checker.c'
' '
'Building file: ../src/scheduler.c'
'Invoking: ARM v7 gcc compiler'
arm-none-eabi-gcc -Wall -O0 -g3 -c -fmessage-length=0 -MT"src/scheduler.o" -mcpu=cortex-a9 -mfpu=vfpv3 -mfloat-abi=hard -I../../multiblock_sch_app_bsp/ps7_cortexa9_0/include -MMD -MP -MF"src/scheduler.d" -MT"src/scheduler.o" -o "src/scheduler.o" "../src/scheduler.c"
'Finished building: ../src/scheduler.c'
' '
'Building file: ../src/sha_checker.c'
'Invoking: ARM v7 gcc compiler'
arm-none-eabi-gcc -Wall -O0 -g3 -c -fmessage-length=0 -MT"src/sha_checker.o" -mcpu=cortex-a9 -mfpu=vfpv3 -mfloat-abi=hard -I../../multiblock_sch_app_bsp/ps7_cortexa9_0/include -MMD -MP -MF"src/sha_checker.d" -MT"src/sha_checker.o" -o "src/sha_checker.o" "../src/sha_checker.c"
../src/sha_checker.c: In function 'sha_operation':
../src/sha_checker.c:39:18: warning: variable 'tmp' set but not used [-Wunused-but-set-variable]
         uint32_t tmp;
                  ^~~
../src/sha_checker.c:72:18: warning: variable 'tmp' set but not used [-Wunused-but-set-variable]
         uint32_t tmp;
                  ^~~
../src/sha_checker.c:104:18: warning: variable 'tmp' set but not used [-Wunused-but-set-variable]
         uint32_t tmp;
                  ^~~
'Finished building: ../src/sha_checker.c'
' '
'Building file: ../src/sha_profiling.c'
'Invoking: ARM v7 gcc compiler'
arm-none-eabi-gcc -Wall -O0 -g3 -c -fmessage-length=0 -MT"src/sha_profiling.o" -mcpu=cortex-a9 -mfpu=vfpv3 -mfloat-abi=hard -I../../multiblock_sch_app_bsp/ps7_cortexa9_0/include -MMD -MP -MF"src/sha_profiling.d" -MT"src/sha_profiling.o" -o "src/sha_profiling.o" "../src/sha_profiling.c"
'Finished building: ../src/sha_profiling.c'
' '
'Building file: ../src/sort_checker.c'
'Invoking: ARM v7 gcc compiler'
arm-none-eabi-gcc -Wall -O0 -g3 -c -fmessage-length=0 -MT"src/sort_checker.o" -mcpu=cortex-a9 -mfpu=vfpv3 -mfloat-abi=hard -I../../multiblock_sch_app_bsp/ps7_cortexa9_0/include -MMD -MP -MF"src/sort_checker.d" -MT"src/sort_checker.o" -o "src/sort_checker.o" "../src/sort_checker.c"
../src/sort_checker.c: In function 'sort_operation':
../src/sort_checker.c:40:29: warning: variable 'tmp' set but not used [-Wunused-but-set-variable]
                    uint32_t tmp;
                             ^~~
../src/sort_checker.c:75:29: warning: variable 'tmp' set but not used [-Wunused-but-set-variable]
                    uint32_t tmp;
                             ^~~
../src/sort_checker.c:110:29: warning: variable 'tmp' set but not used [-Wunused-but-set-variable]
                    uint32_t tmp;
                             ^~~
'Finished building: ../src/sort_checker.c'
' '
'Building file: ../src/sort_profiling.c'
'Invoking: ARM v7 gcc compiler'
arm-none-eabi-gcc -Wall -O0 -g3 -c -fmessage-length=0 -MT"src/sort_profiling.o" -mcpu=cortex-a9 -mfpu=vfpv3 -mfloat-abi=hard -I../../multiblock_sch_app_bsp/ps7_cortexa9_0/include -MMD -MP -MF"src/sort_profiling.d" -MT"src/sort_profiling.o" -o "src/sort_profiling.o" "../src/sort_profiling.c"
'Finished building: ../src/sort_profiling.c'
' '
'Building file: ../src/spmv_checking.c'
'Invoking: ARM v7 gcc compiler'
arm-none-eabi-gcc -Wall -O0 -g3 -c -fmessage-length=0 -MT"src/spmv_checking.o" -mcpu=cortex-a9 -mfpu=vfpv3 -mfloat-abi=hard -I../../multiblock_sch_app_bsp/ps7_cortexa9_0/include -MMD -MP -MF"src/spmv_checking.d" -MT"src/spmv_checking.o" -o "src/spmv_checking.o" "../src/spmv_checking.c"
../src/spmv_checking.c: In function 'spmv_operation':
../src/spmv_checking.c:12:14: warning: implicit declaration of function 'PR_execution' [-Wimplicit-function-declaration]
              PR_execution("spmv0.bin");
              ^~~~~~~~~~~~
../src/spmv_checking.c:42:29: warning: variable 'tmp' set but not used [-Wunused-but-set-variable]
                    uint32_t tmp;
                             ^~~
../src/spmv_checking.c:86:29: warning: variable 'tmp' set but not used [-Wunused-but-set-variable]
                    uint32_t tmp;
                             ^~~
../src/spmv_checking.c:130:29: warning: variable 'tmp' set but not used [-Wunused-but-set-variable]
                    uint32_t tmp;
                             ^~~
'Finished building: ../src/spmv_checking.c'
' '
'Building file: ../src/stencil_checker.c'
'Invoking: ARM v7 gcc compiler'
arm-none-eabi-gcc -Wall -O0 -g3 -c -fmessage-length=0 -MT"src/stencil_checker.o" -mcpu=cortex-a9 -mfpu=vfpv3 -mfloat-abi=hard -I../../multiblock_sch_app_bsp/ps7_cortexa9_0/include -MMD -MP -MF"src/stencil_checker.d" -MT"src/stencil_checker.o" -o "src/stencil_checker.o" "../src/stencil_checker.c"
../src/stencil_checker.c: In function 'stencil_operation':
../src/stencil_checker.c:40:29: warning: variable 'tmp' set but not used [-Wunused-but-set-variable]
                    uint32_t tmp;
                             ^~~
../src/stencil_checker.c:76:29: warning: variable 'tmp' set but not used [-Wunused-but-set-variable]
                    uint32_t tmp;
                             ^~~
'Finished building: ../src/stencil_checker.c'
' '
'Building file: ../src/stfs_scheduling.c'
'Invoking: ARM v7 gcc compiler'
arm-none-eabi-gcc -Wall -O0 -g3 -c -fmessage-length=0 -MT"src/stfs_scheduling.o" -mcpu=cortex-a9 -mfpu=vfpv3 -mfloat-abi=hard -I../../multiblock_sch_app_bsp/ps7_cortexa9_0/include -MMD -MP -MF"src/stfs_scheduling.d" -MT"src/stfs_scheduling.o" -o "src/stfs_scheduling.o" "../src/stfs_scheduling.c"
../src/stfs_scheduling.c: In function 'stfs_swaping':
../src/stfs_scheduling.c:267:8: warning: unused variable 'old_order' [-Wunused-variable]
    int old_order = Slots->IP_order;
        ^~~~~~~~~
'Finished building: ../src/stfs_scheduling.c'
' '
'Building target: multiblock_sch_app.elf'
'Invoking: ARM v7 gcc linker'
arm-none-eabi-gcc -mcpu=cortex-a9 -mfpu=vfpv3 -mfloat-abi=hard -Wl,-build-id=none -specs=Xilinx.spec -Wl,-T -Wl,../src/lscript.ld -L../../multiblock_sch_app_bsp/ps7_cortexa9_0/lib -o "multiblock_sch_app.elf"  ./src/PR_executer.o ./src/aes_checker.o ./src/bfs_checker.o ./src/fft_checker.o ./src/fft_profiling.o ./src/gemm_checker.o ./src/helloworld.o ./src/kmp_checker.o ./src/platform.o ./src/scheduler.o ./src/sha_checker.o ./src/sha_profiling.o ./src/sort_checker.o ./src/sort_profiling.o ./src/spmv_checking.o ./src/stencil_checker.o ./src/stfs_scheduling.o   -Wl,--start-group,-lxil,-lgcc,-lc,--end-group -Wl,--start-group,-lxilffs,-lxil,-lgcc,-lc,--end-group
'Finished building target: multiblock_sch_app.elf'
' '
'Invoking: ARM v7 Print Size'
arm-none-eabi-size multiblock_sch_app.elf  |tee "multiblock_sch_app.elf.size"
   text	   data	    bss	    dec	    hex	filename
 136808	   3420	322131760	322271988	13357af4	multiblock_sch_app.elf
'Finished building: multiblock_sch_app.elf.size'
' '
18:17:50 **** Incremental Build of configuration Debug for project multiblock_sch_app ****
make pre-build main-build 
a9-linaro-pre-build-step
' '
'Building file: ../src/helloworld.c'
'Invoking: ARM v7 gcc compiler'
arm-none-eabi-gcc -Wall -O0 -g3 -c -fmessage-length=0 -MT"src/helloworld.o" -mcpu=cortex-a9 -mfpu=vfpv3 -mfloat-abi=hard -I../../multiblock_sch_app_bsp/ps7_cortexa9_0/include -MMD -MP -MF"src/helloworld.d" -MT"src/helloworld.o" -o "src/helloworld.o" "../src/helloworld.c"
'Finished building: ../src/helloworld.c'
' '
'Building target: multiblock_sch_app.elf'
'Invoking: ARM v7 gcc linker'
arm-none-eabi-gcc -mcpu=cortex-a9 -mfpu=vfpv3 -mfloat-abi=hard -Wl,-build-id=none -specs=Xilinx.spec -Wl,-T -Wl,../src/lscript.ld -L../../multiblock_sch_app_bsp/ps7_cortexa9_0/lib -o "multiblock_sch_app.elf"  ./src/PR_executer.o ./src/aes_checker.o ./src/bfs_checker.o ./src/fft_checker.o ./src/fft_profiling.o ./src/gemm_checker.o ./src/helloworld.o ./src/kmp_checker.o ./src/platform.o ./src/scheduler.o ./src/sha_checker.o ./src/sha_profiling.o ./src/sort_checker.o ./src/sort_profiling.o ./src/spmv_checking.o ./src/stencil_checker.o ./src/stfs_scheduling.o   -Wl,--start-group,-lxil,-lgcc,-lc,--end-group -Wl,--start-group,-lxilffs,-lxil,-lgcc,-lc,--end-group
'Finished building target: multiblock_sch_app.elf'
' '
'Invoking: ARM v7 Print Size'
arm-none-eabi-size multiblock_sch_app.elf  |tee "multiblock_sch_app.elf.size"
   text	   data	    bss	    dec	    hex	filename
 136808	   3420	322131760	322271988	13357af4	multiblock_sch_app.elf
'Finished building: multiblock_sch_app.elf.size'
' '
18:18:13 **** Incremental Build of configuration Debug for project multiblock_sch_app ****
make pre-build main-build 
a9-linaro-pre-build-step
' '
'Building file: ../src/PR_executer.c'
'Invoking: ARM v7 gcc compiler'
arm-none-eabi-gcc -Wall -O0 -g3 -c -fmessage-length=0 -MT"src/PR_executer.o" -mcpu=cortex-a9 -mfpu=vfpv3 -mfloat-abi=hard -I../../multiblock_sch_app_bsp/ps7_cortexa9_0/include -MMD -MP -MF"src/PR_executer.d" -MT"src/PR_executer.o" -o "src/PR_executer.o" "../src/PR_executer.c"
'Finished building: ../src/PR_executer.c'
' '
'Building file: ../src/aes_checker.c'
'Invoking: ARM v7 gcc compiler'
arm-none-eabi-gcc -Wall -O0 -g3 -c -fmessage-length=0 -MT"src/aes_checker.o" -mcpu=cortex-a9 -mfpu=vfpv3 -mfloat-abi=hard -I../../multiblock_sch_app_bsp/ps7_cortexa9_0/include -MMD -MP -MF"src/aes_checker.d" -MT"src/aes_checker.o" -o "src/aes_checker.o" "../src/aes_checker.c"
../src/aes_checker.c: In function 'aes_256_operation':
../src/aes_checker.c:30:4: warning: this 'else' clause does not guard... [-Wmisleading-indentation]
    else
    ^~~~
../src/aes_checker.c:32:5: note: ...this statement, but the latter is misleadingly indented as if it is guarded by the 'else'
     for (i = 0; i < 8; i++)
     ^~~
../src/aes_checker.c:17:14: warning: variable 'res1' set but not used [-Wunused-but-set-variable]
     uint32_t res1;
              ^~~~
../src/aes_checker.c:16:14: warning: variable 'res0' set but not used [-Wunused-but-set-variable]
     uint32_t res0;
              ^~~~
'Finished building: ../src/aes_checker.c'
' '
'Building file: ../src/bfs_checker.c'
'Invoking: ARM v7 gcc compiler'
arm-none-eabi-gcc -Wall -O0 -g3 -c -fmessage-length=0 -MT"src/bfs_checker.o" -mcpu=cortex-a9 -mfpu=vfpv3 -mfloat-abi=hard -I../../multiblock_sch_app_bsp/ps7_cortexa9_0/include -MMD -MP -MF"src/bfs_checker.d" -MT"src/bfs_checker.o" -o "src/bfs_checker.o" "../src/bfs_checker.c"
'Finished building: ../src/bfs_checker.c'
' '
'Building file: ../src/fft_checker.c'
'Invoking: ARM v7 gcc compiler'
arm-none-eabi-gcc -Wall -O0 -g3 -c -fmessage-length=0 -MT"src/fft_checker.o" -mcpu=cortex-a9 -mfpu=vfpv3 -mfloat-abi=hard -I../../multiblock_sch_app_bsp/ps7_cortexa9_0/include -MMD -MP -MF"src/fft_checker.d" -MT"src/fft_checker.o" -o "src/fft_checker.o" "../src/fft_checker.c"
../src/fft_checker.c: In function 'fft_operation':
../src/fft_checker.c:38:23: warning: variable 'tmp' set but not used [-Wunused-but-set-variable]
              uint32_t tmp;
                       ^~~
'Finished building: ../src/fft_checker.c'
' '
'Building file: ../src/fft_profiling.c'
'Invoking: ARM v7 gcc compiler'
arm-none-eabi-gcc -Wall -O0 -g3 -c -fmessage-length=0 -MT"src/fft_profiling.o" -mcpu=cortex-a9 -mfpu=vfpv3 -mfloat-abi=hard -I../../multiblock_sch_app_bsp/ps7_cortexa9_0/include -MMD -MP -MF"src/fft_profiling.d" -MT"src/fft_profiling.o" -o "src/fft_profiling.o" "../src/fft_profiling.c"
'Finished building: ../src/fft_profiling.c'
' '
'Building file: ../src/gemm_checker.c'
'Invoking: ARM v7 gcc compiler'
arm-none-eabi-gcc -Wall -O0 -g3 -c -fmessage-length=0 -MT"src/gemm_checker.o" -mcpu=cortex-a9 -mfpu=vfpv3 -mfloat-abi=hard -I../../multiblock_sch_app_bsp/ps7_cortexa9_0/include -MMD -MP -MF"src/gemm_checker.d" -MT"src/gemm_checker.o" -o "src/gemm_checker.o" "../src/gemm_checker.c"
../src/gemm_checker.c: In function 'gemm_operation':
../src/gemm_checker.c:18:14: warning: implicit declaration of function 'PR_execution' [-Wimplicit-function-declaration]
              PR_execution("gemm0.bin");
              ^~~~~~~~~~~~
../src/gemm_checker.c:43:29: warning: variable 'tmp' set but not used [-Wunused-but-set-variable]
                    for (i = 0; i < 8192; i++){
                             ^~~
../src/gemm_checker.c:83:29: warning: variable 'tmp' set but not used [-Wunused-but-set-variable]
                    for (i = 0; i < 8192; i++){
                             ^~~
'Finished building: ../src/gemm_checker.c'
' '
'Building file: ../src/helloworld.c'
'Invoking: ARM v7 gcc compiler'
arm-none-eabi-gcc -Wall -O0 -g3 -c -fmessage-length=0 -MT"src/helloworld.o" -mcpu=cortex-a9 -mfpu=vfpv3 -mfloat-abi=hard -I../../multiblock_sch_app_bsp/ps7_cortexa9_0/include -MMD -MP -MF"src/helloworld.d" -MT"src/helloworld.o" -o "src/helloworld.o" "../src/helloworld.c"
'Finished building: ../src/helloworld.c'
' '
'Building file: ../src/kmp_checker.c'
'Invoking: ARM v7 gcc compiler'
arm-none-eabi-gcc -Wall -O0 -g3 -c -fmessage-length=0 -MT"src/kmp_checker.o" -mcpu=cortex-a9 -mfpu=vfpv3 -mfloat-abi=hard -I../../multiblock_sch_app_bsp/ps7_cortexa9_0/include -MMD -MP -MF"src/kmp_checker.d" -MT"src/kmp_checker.o" -o "src/kmp_checker.o" "../src/kmp_checker.c"
../src/kmp_checker.c: In function 'kmp_operation':
../src/kmp_checker.c:19:14: warning: implicit declaration of function 'PR_execution' [-Wimplicit-function-declaration]
              PR_execution("kmp0.bin");
              ^~~~~~~~~~~~
../src/kmp_checker.c:44:25: warning: variable 'tmp' set but not used [-Wunused-but-set-variable]
                uint32_t tmp;
                         ^~~
../src/kmp_checker.c:87:16: warning: variable 'tmp' set but not used [-Wunused-but-set-variable]
       uint32_t tmp;
                ^~~
../src/kmp_checker.c:130:16: warning: variable 'tmp' set but not used [-Wunused-but-set-variable]
       uint32_t tmp;
                ^~~
'Finished building: ../src/kmp_checker.c'
' '
'Building file: ../src/scheduler.c'
'Invoking: ARM v7 gcc compiler'
arm-none-eabi-gcc -Wall -O0 -g3 -c -fmessage-length=0 -MT"src/scheduler.o" -mcpu=cortex-a9 -mfpu=vfpv3 -mfloat-abi=hard -I../../multiblock_sch_app_bsp/ps7_cortexa9_0/include -MMD -MP -MF"src/scheduler.d" -MT"src/scheduler.o" -o "src/scheduler.o" "../src/scheduler.c"
'Finished building: ../src/scheduler.c'
' '
'Building file: ../src/sha_checker.c'
'Invoking: ARM v7 gcc compiler'
arm-none-eabi-gcc -Wall -O0 -g3 -c -fmessage-length=0 -MT"src/sha_checker.o" -mcpu=cortex-a9 -mfpu=vfpv3 -mfloat-abi=hard -I../../multiblock_sch_app_bsp/ps7_cortexa9_0/include -MMD -MP -MF"src/sha_checker.d" -MT"src/sha_checker.o" -o "src/sha_checker.o" "../src/sha_checker.c"
../src/sha_checker.c: In function 'sha_operation':
../src/sha_checker.c:39:18: warning: variable 'tmp' set but not used [-Wunused-but-set-variable]
         uint32_t tmp;
                  ^~~
../src/sha_checker.c:72:18: warning: variable 'tmp' set but not used [-Wunused-but-set-variable]
         uint32_t tmp;
                  ^~~
../src/sha_checker.c:104:18: warning: variable 'tmp' set but not used [-Wunused-but-set-variable]
         uint32_t tmp;
                  ^~~
'Finished building: ../src/sha_checker.c'
' '
'Building file: ../src/sha_profiling.c'
'Invoking: ARM v7 gcc compiler'
arm-none-eabi-gcc -Wall -O0 -g3 -c -fmessage-length=0 -MT"src/sha_profiling.o" -mcpu=cortex-a9 -mfpu=vfpv3 -mfloat-abi=hard -I../../multiblock_sch_app_bsp/ps7_cortexa9_0/include -MMD -MP -MF"src/sha_profiling.d" -MT"src/sha_profiling.o" -o "src/sha_profiling.o" "../src/sha_profiling.c"
'Finished building: ../src/sha_profiling.c'
' '
'Building file: ../src/sort_checker.c'
'Invoking: ARM v7 gcc compiler'
arm-none-eabi-gcc -Wall -O0 -g3 -c -fmessage-length=0 -MT"src/sort_checker.o" -mcpu=cortex-a9 -mfpu=vfpv3 -mfloat-abi=hard -I../../multiblock_sch_app_bsp/ps7_cortexa9_0/include -MMD -MP -MF"src/sort_checker.d" -MT"src/sort_checker.o" -o "src/sort_checker.o" "../src/sort_checker.c"
../src/sort_checker.c: In function 'sort_operation':
../src/sort_checker.c:40:29: warning: variable 'tmp' set but not used [-Wunused-but-set-variable]
                    uint32_t tmp;
                             ^~~
../src/sort_checker.c:75:29: warning: variable 'tmp' set but not used [-Wunused-but-set-variable]
                    uint32_t tmp;
                             ^~~
../src/sort_checker.c:110:29: warning: variable 'tmp' set but not used [-Wunused-but-set-variable]
                    uint32_t tmp;
                             ^~~
'Finished building: ../src/sort_checker.c'
' '
'Building file: ../src/sort_profiling.c'
'Invoking: ARM v7 gcc compiler'
arm-none-eabi-gcc -Wall -O0 -g3 -c -fmessage-length=0 -MT"src/sort_profiling.o" -mcpu=cortex-a9 -mfpu=vfpv3 -mfloat-abi=hard -I../../multiblock_sch_app_bsp/ps7_cortexa9_0/include -MMD -MP -MF"src/sort_profiling.d" -MT"src/sort_profiling.o" -o "src/sort_profiling.o" "../src/sort_profiling.c"
'Finished building: ../src/sort_profiling.c'
' '
'Building file: ../src/spmv_checking.c'
'Invoking: ARM v7 gcc compiler'
arm-none-eabi-gcc -Wall -O0 -g3 -c -fmessage-length=0 -MT"src/spmv_checking.o" -mcpu=cortex-a9 -mfpu=vfpv3 -mfloat-abi=hard -I../../multiblock_sch_app_bsp/ps7_cortexa9_0/include -MMD -MP -MF"src/spmv_checking.d" -MT"src/spmv_checking.o" -o "src/spmv_checking.o" "../src/spmv_checking.c"
../src/spmv_checking.c: In function 'spmv_operation':
../src/spmv_checking.c:12:14: warning: implicit declaration of function 'PR_execution' [-Wimplicit-function-declaration]
              PR_execution("spmv0.bin");
              ^~~~~~~~~~~~
../src/spmv_checking.c:42:29: warning: variable 'tmp' set but not used [-Wunused-but-set-variable]
                    uint32_t tmp;
                             ^~~
../src/spmv_checking.c:86:29: warning: variable 'tmp' set but not used [-Wunused-but-set-variable]
                    uint32_t tmp;
                             ^~~
../src/spmv_checking.c:130:29: warning: variable 'tmp' set but not used [-Wunused-but-set-variable]
                    uint32_t tmp;
                             ^~~
'Finished building: ../src/spmv_checking.c'
' '
'Building file: ../src/stencil_checker.c'
'Invoking: ARM v7 gcc compiler'
arm-none-eabi-gcc -Wall -O0 -g3 -c -fmessage-length=0 -MT"src/stencil_checker.o" -mcpu=cortex-a9 -mfpu=vfpv3 -mfloat-abi=hard -I../../multiblock_sch_app_bsp/ps7_cortexa9_0/include -MMD -MP -MF"src/stencil_checker.d" -MT"src/stencil_checker.o" -o "src/stencil_checker.o" "../src/stencil_checker.c"
../src/stencil_checker.c: In function 'stencil_operation':
../src/stencil_checker.c:40:29: warning: variable 'tmp' set but not used [-Wunused-but-set-variable]
                    uint32_t tmp;
                             ^~~
../src/stencil_checker.c:76:29: warning: variable 'tmp' set but not used [-Wunused-but-set-variable]
                    uint32_t tmp;
                             ^~~
'Finished building: ../src/stencil_checker.c'
' '
'Building file: ../src/stfs_scheduling.c'
'Invoking: ARM v7 gcc compiler'
arm-none-eabi-gcc -Wall -O0 -g3 -c -fmessage-length=0 -MT"src/stfs_scheduling.o" -mcpu=cortex-a9 -mfpu=vfpv3 -mfloat-abi=hard -I../../multiblock_sch_app_bsp/ps7_cortexa9_0/include -MMD -MP -MF"src/stfs_scheduling.d" -MT"src/stfs_scheduling.o" -o "src/stfs_scheduling.o" "../src/stfs_scheduling.c"
../src/stfs_scheduling.c: In function 'stfs_swaping':
../src/stfs_scheduling.c:267:8: warning: unused variable 'old_order' [-Wunused-variable]
    int old_order = Slots->IP_order;
        ^~~~~~~~~
'Finished building: ../src/stfs_scheduling.c'
' '
'Building target: multiblock_sch_app.elf'
'Invoking: ARM v7 gcc linker'
arm-none-eabi-gcc -mcpu=cortex-a9 -mfpu=vfpv3 -mfloat-abi=hard -Wl,-build-id=none -specs=Xilinx.spec -Wl,-T -Wl,../src/lscript.ld -L../../multiblock_sch_app_bsp/ps7_cortexa9_0/lib -o "multiblock_sch_app.elf"  ./src/PR_executer.o ./src/aes_checker.o ./src/bfs_checker.o ./src/fft_checker.o ./src/fft_profiling.o ./src/gemm_checker.o ./src/helloworld.o ./src/kmp_checker.o ./src/platform.o ./src/scheduler.o ./src/sha_checker.o ./src/sha_profiling.o ./src/sort_checker.o ./src/sort_profiling.o ./src/spmv_checking.o ./src/stencil_checker.o ./src/stfs_scheduling.o   -Wl,--start-group,-lxil,-lgcc,-lc,--end-group -Wl,--start-group,-lxilffs,-lxil,-lgcc,-lc,--end-group
'Finished building target: multiblock_sch_app.elf'
' '
'Invoking: ARM v7 Print Size'
arm-none-eabi-size multiblock_sch_app.elf  |tee "multiblock_sch_app.elf.size"
   text	   data	    bss	    dec	    hex	filename
 136744	   3420	322131760	322271924	13357ab4	multiblock_sch_app.elf
'Finished building: multiblock_sch_app.elf.size'
' '
18:18:44 **** Incremental Build of configuration Debug for project multiblock_sch_app ****
make pre-build main-build 
a9-linaro-pre-build-step
' '
'Building file: ../src/helloworld.c'
'Invoking: ARM v7 gcc compiler'
arm-none-eabi-gcc -Wall -O0 -g3 -c -fmessage-length=0 -MT"src/helloworld.o" -mcpu=cortex-a9 -mfpu=vfpv3 -mfloat-abi=hard -I../../multiblock_sch_app_bsp/ps7_cortexa9_0/include -MMD -MP -MF"src/helloworld.d" -MT"src/helloworld.o" -o "src/helloworld.o" "../src/helloworld.c"
'Finished building: ../src/helloworld.c'
' '
'Building target: multiblock_sch_app.elf'
'Invoking: ARM v7 gcc linker'
arm-none-eabi-gcc -mcpu=cortex-a9 -mfpu=vfpv3 -mfloat-abi=hard -Wl,-build-id=none -specs=Xilinx.spec -Wl,-T -Wl,../src/lscript.ld -L../../multiblock_sch_app_bsp/ps7_cortexa9_0/lib -o "multiblock_sch_app.elf"  ./src/PR_executer.o ./src/aes_checker.o ./src/bfs_checker.o ./src/fft_checker.o ./src/fft_profiling.o ./src/gemm_checker.o ./src/helloworld.o ./src/kmp_checker.o ./src/platform.o ./src/scheduler.o ./src/sha_checker.o ./src/sha_profiling.o ./src/sort_checker.o ./src/sort_profiling.o ./src/spmv_checking.o ./src/stencil_checker.o ./src/stfs_scheduling.o   -Wl,--start-group,-lxil,-lgcc,-lc,--end-group -Wl,--start-group,-lxilffs,-lxil,-lgcc,-lc,--end-group
'Finished building target: multiblock_sch_app.elf'
' '
'Invoking: ARM v7 Print Size'
arm-none-eabi-size multiblock_sch_app.elf  |tee "multiblock_sch_app.elf.size"
   text	   data	    bss	    dec	    hex	filename
 136744	   3420	322131760	322271924	13357ab4	multiblock_sch_app.elf
'Finished building: multiblock_sch_app.elf.size'
' '
18:20:07 **** Incremental Build of configuration Debug for project multiblock_sch_app ****
make pre-build main-build 
a9-linaro-pre-build-step
' '
'Building file: ../src/PR_executer.c'
'Invoking: ARM v7 gcc compiler'
arm-none-eabi-gcc -Wall -O0 -g3 -c -fmessage-length=0 -MT"src/PR_executer.o" -mcpu=cortex-a9 -mfpu=vfpv3 -mfloat-abi=hard -I../../multiblock_sch_app_bsp/ps7_cortexa9_0/include -MMD -MP -MF"src/PR_executer.d" -MT"src/PR_executer.o" -o "src/PR_executer.o" "../src/PR_executer.c"
'Finished building: ../src/PR_executer.c'
' '
'Building file: ../src/aes_checker.c'
'Invoking: ARM v7 gcc compiler'
arm-none-eabi-gcc -Wall -O0 -g3 -c -fmessage-length=0 -MT"src/aes_checker.o" -mcpu=cortex-a9 -mfpu=vfpv3 -mfloat-abi=hard -I../../multiblock_sch_app_bsp/ps7_cortexa9_0/include -MMD -MP -MF"src/aes_checker.d" -MT"src/aes_checker.o" -o "src/aes_checker.o" "../src/aes_checker.c"
../src/aes_checker.c: In function 'aes_256_operation':
../src/aes_checker.c:30:4: warning: this 'else' clause does not guard... [-Wmisleading-indentation]
    else
    ^~~~
../src/aes_checker.c:32:5: note: ...this statement, but the latter is misleadingly indented as if it is guarded by the 'else'
     for (i = 0; i < 8; i++)
     ^~~
../src/aes_checker.c:17:14: warning: variable 'res1' set but not used [-Wunused-but-set-variable]
     uint32_t res1;
              ^~~~
../src/aes_checker.c:16:14: warning: variable 'res0' set but not used [-Wunused-but-set-variable]
     uint32_t res0;
              ^~~~
'Finished building: ../src/aes_checker.c'
' '
'Building file: ../src/bfs_checker.c'
'Invoking: ARM v7 gcc compiler'
arm-none-eabi-gcc -Wall -O0 -g3 -c -fmessage-length=0 -MT"src/bfs_checker.o" -mcpu=cortex-a9 -mfpu=vfpv3 -mfloat-abi=hard -I../../multiblock_sch_app_bsp/ps7_cortexa9_0/include -MMD -MP -MF"src/bfs_checker.d" -MT"src/bfs_checker.o" -o "src/bfs_checker.o" "../src/bfs_checker.c"
'Finished building: ../src/bfs_checker.c'
' '
'Building file: ../src/fft_checker.c'
'Invoking: ARM v7 gcc compiler'
arm-none-eabi-gcc -Wall -O0 -g3 -c -fmessage-length=0 -MT"src/fft_checker.o" -mcpu=cortex-a9 -mfpu=vfpv3 -mfloat-abi=hard -I../../multiblock_sch_app_bsp/ps7_cortexa9_0/include -MMD -MP -MF"src/fft_checker.d" -MT"src/fft_checker.o" -o "src/fft_checker.o" "../src/fft_checker.c"
../src/fft_checker.c: In function 'fft_operation':
../src/fft_checker.c:38:23: warning: variable 'tmp' set but not used [-Wunused-but-set-variable]
              uint32_t tmp;
                       ^~~
'Finished building: ../src/fft_checker.c'
' '
'Building file: ../src/fft_profiling.c'
'Invoking: ARM v7 gcc compiler'
arm-none-eabi-gcc -Wall -O0 -g3 -c -fmessage-length=0 -MT"src/fft_profiling.o" -mcpu=cortex-a9 -mfpu=vfpv3 -mfloat-abi=hard -I../../multiblock_sch_app_bsp/ps7_cortexa9_0/include -MMD -MP -MF"src/fft_profiling.d" -MT"src/fft_profiling.o" -o "src/fft_profiling.o" "../src/fft_profiling.c"
'Finished building: ../src/fft_profiling.c'
' '
'Building file: ../src/gemm_checker.c'
'Invoking: ARM v7 gcc compiler'
arm-none-eabi-gcc -Wall -O0 -g3 -c -fmessage-length=0 -MT"src/gemm_checker.o" -mcpu=cortex-a9 -mfpu=vfpv3 -mfloat-abi=hard -I../../multiblock_sch_app_bsp/ps7_cortexa9_0/include -MMD -MP -MF"src/gemm_checker.d" -MT"src/gemm_checker.o" -o "src/gemm_checker.o" "../src/gemm_checker.c"
../src/gemm_checker.c: In function 'gemm_operation':
../src/gemm_checker.c:18:14: warning: implicit declaration of function 'PR_execution' [-Wimplicit-function-declaration]
              PR_execution("gemm0.bin");
              ^~~~~~~~~~~~
../src/gemm_checker.c:43:29: warning: variable 'tmp' set but not used [-Wunused-but-set-variable]
                    for (i = 0; i < 8192; i++){
                             ^~~
../src/gemm_checker.c:83:29: warning: variable 'tmp' set but not used [-Wunused-but-set-variable]
                    for (i = 0; i < 8192; i++){
                             ^~~
'Finished building: ../src/gemm_checker.c'
' '
'Building file: ../src/helloworld.c'
'Invoking: ARM v7 gcc compiler'
arm-none-eabi-gcc -Wall -O0 -g3 -c -fmessage-length=0 -MT"src/helloworld.o" -mcpu=cortex-a9 -mfpu=vfpv3 -mfloat-abi=hard -I../../multiblock_sch_app_bsp/ps7_cortexa9_0/include -MMD -MP -MF"src/helloworld.d" -MT"src/helloworld.o" -o "src/helloworld.o" "../src/helloworld.c"
'Finished building: ../src/helloworld.c'
' '
'Building file: ../src/kmp_checker.c'
'Invoking: ARM v7 gcc compiler'
arm-none-eabi-gcc -Wall -O0 -g3 -c -fmessage-length=0 -MT"src/kmp_checker.o" -mcpu=cortex-a9 -mfpu=vfpv3 -mfloat-abi=hard -I../../multiblock_sch_app_bsp/ps7_cortexa9_0/include -MMD -MP -MF"src/kmp_checker.d" -MT"src/kmp_checker.o" -o "src/kmp_checker.o" "../src/kmp_checker.c"
../src/kmp_checker.c: In function 'kmp_operation':
../src/kmp_checker.c:19:14: warning: implicit declaration of function 'PR_execution' [-Wimplicit-function-declaration]
              PR_execution("kmp0.bin");
              ^~~~~~~~~~~~
../src/kmp_checker.c:44:25: warning: variable 'tmp' set but not used [-Wunused-but-set-variable]
                uint32_t tmp;
                         ^~~
../src/kmp_checker.c:87:16: warning: variable 'tmp' set but not used [-Wunused-but-set-variable]
       uint32_t tmp;
                ^~~
../src/kmp_checker.c:130:16: warning: variable 'tmp' set but not used [-Wunused-but-set-variable]
       uint32_t tmp;
                ^~~
'Finished building: ../src/kmp_checker.c'
' '
'Building file: ../src/scheduler.c'
'Invoking: ARM v7 gcc compiler'
arm-none-eabi-gcc -Wall -O0 -g3 -c -fmessage-length=0 -MT"src/scheduler.o" -mcpu=cortex-a9 -mfpu=vfpv3 -mfloat-abi=hard -I../../multiblock_sch_app_bsp/ps7_cortexa9_0/include -MMD -MP -MF"src/scheduler.d" -MT"src/scheduler.o" -o "src/scheduler.o" "../src/scheduler.c"
'Finished building: ../src/scheduler.c'
' '
'Building file: ../src/sha_checker.c'
'Invoking: ARM v7 gcc compiler'
arm-none-eabi-gcc -Wall -O0 -g3 -c -fmessage-length=0 -MT"src/sha_checker.o" -mcpu=cortex-a9 -mfpu=vfpv3 -mfloat-abi=hard -I../../multiblock_sch_app_bsp/ps7_cortexa9_0/include -MMD -MP -MF"src/sha_checker.d" -MT"src/sha_checker.o" -o "src/sha_checker.o" "../src/sha_checker.c"
../src/sha_checker.c: In function 'sha_operation':
../src/sha_checker.c:39:18: warning: variable 'tmp' set but not used [-Wunused-but-set-variable]
         uint32_t tmp;
                  ^~~
../src/sha_checker.c:72:18: warning: variable 'tmp' set but not used [-Wunused-but-set-variable]
         uint32_t tmp;
                  ^~~
../src/sha_checker.c:104:18: warning: variable 'tmp' set but not used [-Wunused-but-set-variable]
         uint32_t tmp;
                  ^~~
'Finished building: ../src/sha_checker.c'
' '
'Building file: ../src/sha_profiling.c'
'Invoking: ARM v7 gcc compiler'
arm-none-eabi-gcc -Wall -O0 -g3 -c -fmessage-length=0 -MT"src/sha_profiling.o" -mcpu=cortex-a9 -mfpu=vfpv3 -mfloat-abi=hard -I../../multiblock_sch_app_bsp/ps7_cortexa9_0/include -MMD -MP -MF"src/sha_profiling.d" -MT"src/sha_profiling.o" -o "src/sha_profiling.o" "../src/sha_profiling.c"
'Finished building: ../src/sha_profiling.c'
' '
'Building file: ../src/sort_checker.c'
'Invoking: ARM v7 gcc compiler'
arm-none-eabi-gcc -Wall -O0 -g3 -c -fmessage-length=0 -MT"src/sort_checker.o" -mcpu=cortex-a9 -mfpu=vfpv3 -mfloat-abi=hard -I../../multiblock_sch_app_bsp/ps7_cortexa9_0/include -MMD -MP -MF"src/sort_checker.d" -MT"src/sort_checker.o" -o "src/sort_checker.o" "../src/sort_checker.c"
../src/sort_checker.c: In function 'sort_operation':
../src/sort_checker.c:40:29: warning: variable 'tmp' set but not used [-Wunused-but-set-variable]
                    uint32_t tmp;
                             ^~~
../src/sort_checker.c:75:29: warning: variable 'tmp' set but not used [-Wunused-but-set-variable]
                    uint32_t tmp;
                             ^~~
../src/sort_checker.c:110:29: warning: variable 'tmp' set but not used [-Wunused-but-set-variable]
                    uint32_t tmp;
                             ^~~
'Finished building: ../src/sort_checker.c'
' '
'Building file: ../src/sort_profiling.c'
'Invoking: ARM v7 gcc compiler'
arm-none-eabi-gcc -Wall -O0 -g3 -c -fmessage-length=0 -MT"src/sort_profiling.o" -mcpu=cortex-a9 -mfpu=vfpv3 -mfloat-abi=hard -I../../multiblock_sch_app_bsp/ps7_cortexa9_0/include -MMD -MP -MF"src/sort_profiling.d" -MT"src/sort_profiling.o" -o "src/sort_profiling.o" "../src/sort_profiling.c"
'Finished building: ../src/sort_profiling.c'
' '
'Building file: ../src/spmv_checking.c'
'Invoking: ARM v7 gcc compiler'
arm-none-eabi-gcc -Wall -O0 -g3 -c -fmessage-length=0 -MT"src/spmv_checking.o" -mcpu=cortex-a9 -mfpu=vfpv3 -mfloat-abi=hard -I../../multiblock_sch_app_bsp/ps7_cortexa9_0/include -MMD -MP -MF"src/spmv_checking.d" -MT"src/spmv_checking.o" -o "src/spmv_checking.o" "../src/spmv_checking.c"
../src/spmv_checking.c: In function 'spmv_operation':
../src/spmv_checking.c:12:14: warning: implicit declaration of function 'PR_execution' [-Wimplicit-function-declaration]
              PR_execution("spmv0.bin");
              ^~~~~~~~~~~~
../src/spmv_checking.c:42:29: warning: variable 'tmp' set but not used [-Wunused-but-set-variable]
                    uint32_t tmp;
                             ^~~
../src/spmv_checking.c:86:29: warning: variable 'tmp' set but not used [-Wunused-but-set-variable]
                    uint32_t tmp;
                             ^~~
../src/spmv_checking.c:130:29: warning: variable 'tmp' set but not used [-Wunused-but-set-variable]
                    uint32_t tmp;
                             ^~~
'Finished building: ../src/spmv_checking.c'
' '
'Building file: ../src/stencil_checker.c'
'Invoking: ARM v7 gcc compiler'
arm-none-eabi-gcc -Wall -O0 -g3 -c -fmessage-length=0 -MT"src/stencil_checker.o" -mcpu=cortex-a9 -mfpu=vfpv3 -mfloat-abi=hard -I../../multiblock_sch_app_bsp/ps7_cortexa9_0/include -MMD -MP -MF"src/stencil_checker.d" -MT"src/stencil_checker.o" -o "src/stencil_checker.o" "../src/stencil_checker.c"
../src/stencil_checker.c: In function 'stencil_operation':
../src/stencil_checker.c:40:29: warning: variable 'tmp' set but not used [-Wunused-but-set-variable]
                    uint32_t tmp;
                             ^~~
../src/stencil_checker.c:76:29: warning: variable 'tmp' set but not used [-Wunused-but-set-variable]
                    uint32_t tmp;
                             ^~~
'Finished building: ../src/stencil_checker.c'
' '
'Building file: ../src/stfs_scheduling.c'
'Invoking: ARM v7 gcc compiler'
arm-none-eabi-gcc -Wall -O0 -g3 -c -fmessage-length=0 -MT"src/stfs_scheduling.o" -mcpu=cortex-a9 -mfpu=vfpv3 -mfloat-abi=hard -I../../multiblock_sch_app_bsp/ps7_cortexa9_0/include -MMD -MP -MF"src/stfs_scheduling.d" -MT"src/stfs_scheduling.o" -o "src/stfs_scheduling.o" "../src/stfs_scheduling.c"
../src/stfs_scheduling.c: In function 'stfs_swaping':
../src/stfs_scheduling.c:267:8: warning: unused variable 'old_order' [-Wunused-variable]
    int old_order = Slots->IP_order;
        ^~~~~~~~~
'Finished building: ../src/stfs_scheduling.c'
' '
'Building target: multiblock_sch_app.elf'
'Invoking: ARM v7 gcc linker'
arm-none-eabi-gcc -mcpu=cortex-a9 -mfpu=vfpv3 -mfloat-abi=hard -Wl,-build-id=none -specs=Xilinx.spec -Wl,-T -Wl,../src/lscript.ld -L../../multiblock_sch_app_bsp/ps7_cortexa9_0/lib -o "multiblock_sch_app.elf"  ./src/PR_executer.o ./src/aes_checker.o ./src/bfs_checker.o ./src/fft_checker.o ./src/fft_profiling.o ./src/gemm_checker.o ./src/helloworld.o ./src/kmp_checker.o ./src/platform.o ./src/scheduler.o ./src/sha_checker.o ./src/sha_profiling.o ./src/sort_checker.o ./src/sort_profiling.o ./src/spmv_checking.o ./src/stencil_checker.o ./src/stfs_scheduling.o   -Wl,--start-group,-lxil,-lgcc,-lc,--end-group -Wl,--start-group,-lxilffs,-lxil,-lgcc,-lc,--end-group
'Finished building target: multiblock_sch_app.elf'
' '
'Invoking: ARM v7 Print Size'
arm-none-eabi-size multiblock_sch_app.elf  |tee "multiblock_sch_app.elf.size"
   text	   data	    bss	    dec	    hex	filename
 136808	   3420	322131760	322271988	13357af4	multiblock_sch_app.elf
'Finished building: multiblock_sch_app.elf.size'
' '
18:20:52 **** Incremental Build of configuration Debug for project multiblock_sch_app ****
make pre-build main-build 
a9-linaro-pre-build-step
' '
'Building file: ../src/helloworld.c'
'Invoking: ARM v7 gcc compiler'
arm-none-eabi-gcc -Wall -O0 -g3 -c -fmessage-length=0 -MT"src/helloworld.o" -mcpu=cortex-a9 -mfpu=vfpv3 -mfloat-abi=hard -I../../multiblock_sch_app_bsp/ps7_cortexa9_0/include -MMD -MP -MF"src/helloworld.d" -MT"src/helloworld.o" -o "src/helloworld.o" "../src/helloworld.c"
'Finished building: ../src/helloworld.c'
' '
'Building target: multiblock_sch_app.elf'
'Invoking: ARM v7 gcc linker'
arm-none-eabi-gcc -mcpu=cortex-a9 -mfpu=vfpv3 -mfloat-abi=hard -Wl,-build-id=none -specs=Xilinx.spec -Wl,-T -Wl,../src/lscript.ld -L../../multiblock_sch_app_bsp/ps7_cortexa9_0/lib -o "multiblock_sch_app.elf"  ./src/PR_executer.o ./src/aes_checker.o ./src/bfs_checker.o ./src/fft_checker.o ./src/fft_profiling.o ./src/gemm_checker.o ./src/helloworld.o ./src/kmp_checker.o ./src/platform.o ./src/scheduler.o ./src/sha_checker.o ./src/sha_profiling.o ./src/sort_checker.o ./src/sort_profiling.o ./src/spmv_checking.o ./src/stencil_checker.o ./src/stfs_scheduling.o   -Wl,--start-group,-lxil,-lgcc,-lc,--end-group -Wl,--start-group,-lxilffs,-lxil,-lgcc,-lc,--end-group
'Finished building target: multiblock_sch_app.elf'
' '
'Invoking: ARM v7 Print Size'
arm-none-eabi-size multiblock_sch_app.elf  |tee "multiblock_sch_app.elf.size"
   text	   data	    bss	    dec	    hex	filename
 136808	   3420	322131760	322271988	13357af4	multiblock_sch_app.elf
'Finished building: multiblock_sch_app.elf.size'
' '
18:22:07 **** Incremental Build of configuration Debug for project multiblock_sch_app ****
make pre-build main-build 
a9-linaro-pre-build-step
' '
'Building file: ../src/helloworld.c'
'Invoking: ARM v7 gcc compiler'
arm-none-eabi-gcc -Wall -O0 -g3 -c -fmessage-length=0 -MT"src/helloworld.o" -mcpu=cortex-a9 -mfpu=vfpv3 -mfloat-abi=hard -I../../multiblock_sch_app_bsp/ps7_cortexa9_0/include -MMD -MP -MF"src/helloworld.d" -MT"src/helloworld.o" -o "src/helloworld.o" "../src/helloworld.c"
'Finished building: ../src/helloworld.c'
' '
'Building target: multiblock_sch_app.elf'
'Invoking: ARM v7 gcc linker'
arm-none-eabi-gcc -mcpu=cortex-a9 -mfpu=vfpv3 -mfloat-abi=hard -Wl,-build-id=none -specs=Xilinx.spec -Wl,-T -Wl,../src/lscript.ld -L../../multiblock_sch_app_bsp/ps7_cortexa9_0/lib -o "multiblock_sch_app.elf"  ./src/PR_executer.o ./src/aes_checker.o ./src/bfs_checker.o ./src/fft_checker.o ./src/fft_profiling.o ./src/gemm_checker.o ./src/helloworld.o ./src/kmp_checker.o ./src/platform.o ./src/scheduler.o ./src/sha_checker.o ./src/sha_profiling.o ./src/sort_checker.o ./src/sort_profiling.o ./src/spmv_checking.o ./src/stencil_checker.o ./src/stfs_scheduling.o   -Wl,--start-group,-lxil,-lgcc,-lc,--end-group -Wl,--start-group,-lxilffs,-lxil,-lgcc,-lc,--end-group
'Finished building target: multiblock_sch_app.elf'
' '
'Invoking: ARM v7 Print Size'
arm-none-eabi-size multiblock_sch_app.elf  |tee "multiblock_sch_app.elf.size"
   text	   data	    bss	    dec	    hex	filename
 136808	   3420	322131760	322271988	13357af4	multiblock_sch_app.elf
'Finished building: multiblock_sch_app.elf.size'
' '
18:22:31 **** Incremental Build of configuration Debug for project multiblock_sch_app ****
make pre-build main-build 
a9-linaro-pre-build-step
' '
'Building file: ../src/helloworld.c'
'Invoking: ARM v7 gcc compiler'
arm-none-eabi-gcc -Wall -O0 -g3 -c -fmessage-length=0 -MT"src/helloworld.o" -mcpu=cortex-a9 -mfpu=vfpv3 -mfloat-abi=hard -I../../multiblock_sch_app_bsp/ps7_cortexa9_0/include -MMD -MP -MF"src/helloworld.d" -MT"src/helloworld.o" -o "src/helloworld.o" "../src/helloworld.c"
'Finished building: ../src/helloworld.c'
' '
'Building target: multiblock_sch_app.elf'
'Invoking: ARM v7 gcc linker'
arm-none-eabi-gcc -mcpu=cortex-a9 -mfpu=vfpv3 -mfloat-abi=hard -Wl,-build-id=none -specs=Xilinx.spec -Wl,-T -Wl,../src/lscript.ld -L../../multiblock_sch_app_bsp/ps7_cortexa9_0/lib -o "multiblock_sch_app.elf"  ./src/PR_executer.o ./src/aes_checker.o ./src/bfs_checker.o ./src/fft_checker.o ./src/fft_profiling.o ./src/gemm_checker.o ./src/helloworld.o ./src/kmp_checker.o ./src/platform.o ./src/scheduler.o ./src/sha_checker.o ./src/sha_profiling.o ./src/sort_checker.o ./src/sort_profiling.o ./src/spmv_checking.o ./src/stencil_checker.o ./src/stfs_scheduling.o   -Wl,--start-group,-lxil,-lgcc,-lc,--end-group -Wl,--start-group,-lxilffs,-lxil,-lgcc,-lc,--end-group
'Finished building target: multiblock_sch_app.elf'
' '
'Invoking: ARM v7 Print Size'
arm-none-eabi-size multiblock_sch_app.elf  |tee "multiblock_sch_app.elf.size"
   text	   data	    bss	    dec	    hex	filename
 136808	   3420	322131760	322271988	13357af4	multiblock_sch_app.elf
'Finished building: multiblock_sch_app.elf.size'
' '
18:23:13 **** Incremental Build of configuration Debug for project multiblock_sch_app ****
make pre-build main-build 
a9-linaro-pre-build-step
' '
'Building file: ../src/PR_executer.c'
'Invoking: ARM v7 gcc compiler'
arm-none-eabi-gcc -Wall -O0 -g3 -c -fmessage-length=0 -MT"src/PR_executer.o" -mcpu=cortex-a9 -mfpu=vfpv3 -mfloat-abi=hard -I../../multiblock_sch_app_bsp/ps7_cortexa9_0/include -MMD -MP -MF"src/PR_executer.d" -MT"src/PR_executer.o" -o "src/PR_executer.o" "../src/PR_executer.c"
'Finished building: ../src/PR_executer.c'
' '
'Building file: ../src/aes_checker.c'
'Invoking: ARM v7 gcc compiler'
arm-none-eabi-gcc -Wall -O0 -g3 -c -fmessage-length=0 -MT"src/aes_checker.o" -mcpu=cortex-a9 -mfpu=vfpv3 -mfloat-abi=hard -I../../multiblock_sch_app_bsp/ps7_cortexa9_0/include -MMD -MP -MF"src/aes_checker.d" -MT"src/aes_checker.o" -o "src/aes_checker.o" "../src/aes_checker.c"
../src/aes_checker.c: In function 'aes_256_operation':
../src/aes_checker.c:30:4: warning: this 'else' clause does not guard... [-Wmisleading-indentation]
    else
    ^~~~
../src/aes_checker.c:32:5: note: ...this statement, but the latter is misleadingly indented as if it is guarded by the 'else'
     for (i = 0; i < 8; i++)
     ^~~
../src/aes_checker.c:17:14: warning: variable 'res1' set but not used [-Wunused-but-set-variable]
     uint32_t res1;
              ^~~~
../src/aes_checker.c:16:14: warning: variable 'res0' set but not used [-Wunused-but-set-variable]
     uint32_t res0;
              ^~~~
'Finished building: ../src/aes_checker.c'
' '
'Building file: ../src/bfs_checker.c'
'Invoking: ARM v7 gcc compiler'
arm-none-eabi-gcc -Wall -O0 -g3 -c -fmessage-length=0 -MT"src/bfs_checker.o" -mcpu=cortex-a9 -mfpu=vfpv3 -mfloat-abi=hard -I../../multiblock_sch_app_bsp/ps7_cortexa9_0/include -MMD -MP -MF"src/bfs_checker.d" -MT"src/bfs_checker.o" -o "src/bfs_checker.o" "../src/bfs_checker.c"
'Finished building: ../src/bfs_checker.c'
' '
'Building file: ../src/fft_checker.c'
'Invoking: ARM v7 gcc compiler'
arm-none-eabi-gcc -Wall -O0 -g3 -c -fmessage-length=0 -MT"src/fft_checker.o" -mcpu=cortex-a9 -mfpu=vfpv3 -mfloat-abi=hard -I../../multiblock_sch_app_bsp/ps7_cortexa9_0/include -MMD -MP -MF"src/fft_checker.d" -MT"src/fft_checker.o" -o "src/fft_checker.o" "../src/fft_checker.c"
../src/fft_checker.c: In function 'fft_operation':
../src/fft_checker.c:38:23: warning: variable 'tmp' set but not used [-Wunused-but-set-variable]
              uint32_t tmp;
                       ^~~
'Finished building: ../src/fft_checker.c'
' '
'Building file: ../src/fft_profiling.c'
'Invoking: ARM v7 gcc compiler'
arm-none-eabi-gcc -Wall -O0 -g3 -c -fmessage-length=0 -MT"src/fft_profiling.o" -mcpu=cortex-a9 -mfpu=vfpv3 -mfloat-abi=hard -I../../multiblock_sch_app_bsp/ps7_cortexa9_0/include -MMD -MP -MF"src/fft_profiling.d" -MT"src/fft_profiling.o" -o "src/fft_profiling.o" "../src/fft_profiling.c"
'Finished building: ../src/fft_profiling.c'
' '
'Building file: ../src/gemm_checker.c'
'Invoking: ARM v7 gcc compiler'
arm-none-eabi-gcc -Wall -O0 -g3 -c -fmessage-length=0 -MT"src/gemm_checker.o" -mcpu=cortex-a9 -mfpu=vfpv3 -mfloat-abi=hard -I../../multiblock_sch_app_bsp/ps7_cortexa9_0/include -MMD -MP -MF"src/gemm_checker.d" -MT"src/gemm_checker.o" -o "src/gemm_checker.o" "../src/gemm_checker.c"
../src/gemm_checker.c: In function 'gemm_operation':
../src/gemm_checker.c:18:14: warning: implicit declaration of function 'PR_execution' [-Wimplicit-function-declaration]
              PR_execution("gemm0.bin");
              ^~~~~~~~~~~~
../src/gemm_checker.c:43:29: warning: variable 'tmp' set but not used [-Wunused-but-set-variable]
                    for (i = 0; i < 8192; i++){
                             ^~~
../src/gemm_checker.c:83:29: warning: variable 'tmp' set but not used [-Wunused-but-set-variable]
                    for (i = 0; i < 8192; i++){
                             ^~~
'Finished building: ../src/gemm_checker.c'
' '
'Building file: ../src/helloworld.c'
'Invoking: ARM v7 gcc compiler'
arm-none-eabi-gcc -Wall -O0 -g3 -c -fmessage-length=0 -MT"src/helloworld.o" -mcpu=cortex-a9 -mfpu=vfpv3 -mfloat-abi=hard -I../../multiblock_sch_app_bsp/ps7_cortexa9_0/include -MMD -MP -MF"src/helloworld.d" -MT"src/helloworld.o" -o "src/helloworld.o" "../src/helloworld.c"
'Finished building: ../src/helloworld.c'
' '
'Building file: ../src/kmp_checker.c'
'Invoking: ARM v7 gcc compiler'
arm-none-eabi-gcc -Wall -O0 -g3 -c -fmessage-length=0 -MT"src/kmp_checker.o" -mcpu=cortex-a9 -mfpu=vfpv3 -mfloat-abi=hard -I../../multiblock_sch_app_bsp/ps7_cortexa9_0/include -MMD -MP -MF"src/kmp_checker.d" -MT"src/kmp_checker.o" -o "src/kmp_checker.o" "../src/kmp_checker.c"
../src/kmp_checker.c: In function 'kmp_operation':
../src/kmp_checker.c:19:14: warning: implicit declaration of function 'PR_execution' [-Wimplicit-function-declaration]
              PR_execution("kmp0.bin");
              ^~~~~~~~~~~~
../src/kmp_checker.c:44:25: warning: variable 'tmp' set but not used [-Wunused-but-set-variable]
                uint32_t tmp;
                         ^~~
../src/kmp_checker.c:87:16: warning: variable 'tmp' set but not used [-Wunused-but-set-variable]
       uint32_t tmp;
                ^~~
../src/kmp_checker.c:130:16: warning: variable 'tmp' set but not used [-Wunused-but-set-variable]
       uint32_t tmp;
                ^~~
'Finished building: ../src/kmp_checker.c'
' '
'Building file: ../src/scheduler.c'
'Invoking: ARM v7 gcc compiler'
arm-none-eabi-gcc -Wall -O0 -g3 -c -fmessage-length=0 -MT"src/scheduler.o" -mcpu=cortex-a9 -mfpu=vfpv3 -mfloat-abi=hard -I../../multiblock_sch_app_bsp/ps7_cortexa9_0/include -MMD -MP -MF"src/scheduler.d" -MT"src/scheduler.o" -o "src/scheduler.o" "../src/scheduler.c"
'Finished building: ../src/scheduler.c'
' '
'Building file: ../src/sha_checker.c'
'Invoking: ARM v7 gcc compiler'
arm-none-eabi-gcc -Wall -O0 -g3 -c -fmessage-length=0 -MT"src/sha_checker.o" -mcpu=cortex-a9 -mfpu=vfpv3 -mfloat-abi=hard -I../../multiblock_sch_app_bsp/ps7_cortexa9_0/include -MMD -MP -MF"src/sha_checker.d" -MT"src/sha_checker.o" -o "src/sha_checker.o" "../src/sha_checker.c"
../src/sha_checker.c: In function 'sha_operation':
../src/sha_checker.c:39:18: warning: variable 'tmp' set but not used [-Wunused-but-set-variable]
         uint32_t tmp;
                  ^~~
../src/sha_checker.c:72:18: warning: variable 'tmp' set but not used [-Wunused-but-set-variable]
         uint32_t tmp;
                  ^~~
../src/sha_checker.c:104:18: warning: variable 'tmp' set but not used [-Wunused-but-set-variable]
         uint32_t tmp;
                  ^~~
'Finished building: ../src/sha_checker.c'
' '
'Building file: ../src/sha_profiling.c'
'Invoking: ARM v7 gcc compiler'
arm-none-eabi-gcc -Wall -O0 -g3 -c -fmessage-length=0 -MT"src/sha_profiling.o" -mcpu=cortex-a9 -mfpu=vfpv3 -mfloat-abi=hard -I../../multiblock_sch_app_bsp/ps7_cortexa9_0/include -MMD -MP -MF"src/sha_profiling.d" -MT"src/sha_profiling.o" -o "src/sha_profiling.o" "../src/sha_profiling.c"
'Finished building: ../src/sha_profiling.c'
' '
'Building file: ../src/sort_checker.c'
'Invoking: ARM v7 gcc compiler'
arm-none-eabi-gcc -Wall -O0 -g3 -c -fmessage-length=0 -MT"src/sort_checker.o" -mcpu=cortex-a9 -mfpu=vfpv3 -mfloat-abi=hard -I../../multiblock_sch_app_bsp/ps7_cortexa9_0/include -MMD -MP -MF"src/sort_checker.d" -MT"src/sort_checker.o" -o "src/sort_checker.o" "../src/sort_checker.c"
../src/sort_checker.c: In function 'sort_operation':
../src/sort_checker.c:40:29: warning: variable 'tmp' set but not used [-Wunused-but-set-variable]
                    uint32_t tmp;
                             ^~~
../src/sort_checker.c:75:29: warning: variable 'tmp' set but not used [-Wunused-but-set-variable]
                    uint32_t tmp;
                             ^~~
../src/sort_checker.c:110:29: warning: variable 'tmp' set but not used [-Wunused-but-set-variable]
                    uint32_t tmp;
                             ^~~
'Finished building: ../src/sort_checker.c'
' '
'Building file: ../src/sort_profiling.c'
'Invoking: ARM v7 gcc compiler'
arm-none-eabi-gcc -Wall -O0 -g3 -c -fmessage-length=0 -MT"src/sort_profiling.o" -mcpu=cortex-a9 -mfpu=vfpv3 -mfloat-abi=hard -I../../multiblock_sch_app_bsp/ps7_cortexa9_0/include -MMD -MP -MF"src/sort_profiling.d" -MT"src/sort_profiling.o" -o "src/sort_profiling.o" "../src/sort_profiling.c"
'Finished building: ../src/sort_profiling.c'
' '
'Building file: ../src/spmv_checking.c'
'Invoking: ARM v7 gcc compiler'
arm-none-eabi-gcc -Wall -O0 -g3 -c -fmessage-length=0 -MT"src/spmv_checking.o" -mcpu=cortex-a9 -mfpu=vfpv3 -mfloat-abi=hard -I../../multiblock_sch_app_bsp/ps7_cortexa9_0/include -MMD -MP -MF"src/spmv_checking.d" -MT"src/spmv_checking.o" -o "src/spmv_checking.o" "../src/spmv_checking.c"
../src/spmv_checking.c: In function 'spmv_operation':
../src/spmv_checking.c:12:14: warning: implicit declaration of function 'PR_execution' [-Wimplicit-function-declaration]
              PR_execution("spmv0.bin");
              ^~~~~~~~~~~~
../src/spmv_checking.c:42:29: warning: variable 'tmp' set but not used [-Wunused-but-set-variable]
                    uint32_t tmp;
                             ^~~
../src/spmv_checking.c:86:29: warning: variable 'tmp' set but not used [-Wunused-but-set-variable]
                    uint32_t tmp;
                             ^~~
../src/spmv_checking.c:130:29: warning: variable 'tmp' set but not used [-Wunused-but-set-variable]
                    uint32_t tmp;
                             ^~~
'Finished building: ../src/spmv_checking.c'
' '
'Building file: ../src/stencil_checker.c'
'Invoking: ARM v7 gcc compiler'
arm-none-eabi-gcc -Wall -O0 -g3 -c -fmessage-length=0 -MT"src/stencil_checker.o" -mcpu=cortex-a9 -mfpu=vfpv3 -mfloat-abi=hard -I../../multiblock_sch_app_bsp/ps7_cortexa9_0/include -MMD -MP -MF"src/stencil_checker.d" -MT"src/stencil_checker.o" -o "src/stencil_checker.o" "../src/stencil_checker.c"
../src/stencil_checker.c: In function 'stencil_operation':
../src/stencil_checker.c:40:29: warning: variable 'tmp' set but not used [-Wunused-but-set-variable]
                    uint32_t tmp;
                             ^~~
../src/stencil_checker.c:76:29: warning: variable 'tmp' set but not used [-Wunused-but-set-variable]
                    uint32_t tmp;
                             ^~~
'Finished building: ../src/stencil_checker.c'
' '
'Building file: ../src/stfs_scheduling.c'
'Invoking: ARM v7 gcc compiler'
arm-none-eabi-gcc -Wall -O0 -g3 -c -fmessage-length=0 -MT"src/stfs_scheduling.o" -mcpu=cortex-a9 -mfpu=vfpv3 -mfloat-abi=hard -I../../multiblock_sch_app_bsp/ps7_cortexa9_0/include -MMD -MP -MF"src/stfs_scheduling.d" -MT"src/stfs_scheduling.o" -o "src/stfs_scheduling.o" "../src/stfs_scheduling.c"
../src/stfs_scheduling.c: In function 'stfs_swaping':
../src/stfs_scheduling.c:267:8: warning: unused variable 'old_order' [-Wunused-variable]
    int old_order = Slots->IP_order;
        ^~~~~~~~~
'Finished building: ../src/stfs_scheduling.c'
' '
'Building target: multiblock_sch_app.elf'
'Invoking: ARM v7 gcc linker'
arm-none-eabi-gcc -mcpu=cortex-a9 -mfpu=vfpv3 -mfloat-abi=hard -Wl,-build-id=none -specs=Xilinx.spec -Wl,-T -Wl,../src/lscript.ld -L../../multiblock_sch_app_bsp/ps7_cortexa9_0/lib -o "multiblock_sch_app.elf"  ./src/PR_executer.o ./src/aes_checker.o ./src/bfs_checker.o ./src/fft_checker.o ./src/fft_profiling.o ./src/gemm_checker.o ./src/helloworld.o ./src/kmp_checker.o ./src/platform.o ./src/scheduler.o ./src/sha_checker.o ./src/sha_profiling.o ./src/sort_checker.o ./src/sort_profiling.o ./src/spmv_checking.o ./src/stencil_checker.o ./src/stfs_scheduling.o   -Wl,--start-group,-lxil,-lgcc,-lc,--end-group -Wl,--start-group,-lxilffs,-lxil,-lgcc,-lc,--end-group
'Finished building target: multiblock_sch_app.elf'
' '
'Invoking: ARM v7 Print Size'
arm-none-eabi-size multiblock_sch_app.elf  |tee "multiblock_sch_app.elf.size"
   text	   data	    bss	    dec	    hex	filename
 136744	   3420	322131760	322271924	13357ab4	multiblock_sch_app.elf
'Finished building: multiblock_sch_app.elf.size'
' '
18:23:56 **** Incremental Build of configuration Debug for project multiblock_sch_app ****
make pre-build main-build 
a9-linaro-pre-build-step
' '
'Building file: ../src/helloworld.c'
'Invoking: ARM v7 gcc compiler'
arm-none-eabi-gcc -Wall -O0 -g3 -c -fmessage-length=0 -MT"src/helloworld.o" -mcpu=cortex-a9 -mfpu=vfpv3 -mfloat-abi=hard -I../../multiblock_sch_app_bsp/ps7_cortexa9_0/include -MMD -MP -MF"src/helloworld.d" -MT"src/helloworld.o" -o "src/helloworld.o" "../src/helloworld.c"
'Finished building: ../src/helloworld.c'
' '
'Building target: multiblock_sch_app.elf'
'Invoking: ARM v7 gcc linker'
arm-none-eabi-gcc -mcpu=cortex-a9 -mfpu=vfpv3 -mfloat-abi=hard -Wl,-build-id=none -specs=Xilinx.spec -Wl,-T -Wl,../src/lscript.ld -L../../multiblock_sch_app_bsp/ps7_cortexa9_0/lib -o "multiblock_sch_app.elf"  ./src/PR_executer.o ./src/aes_checker.o ./src/bfs_checker.o ./src/fft_checker.o ./src/fft_profiling.o ./src/gemm_checker.o ./src/helloworld.o ./src/kmp_checker.o ./src/platform.o ./src/scheduler.o ./src/sha_checker.o ./src/sha_profiling.o ./src/sort_checker.o ./src/sort_profiling.o ./src/spmv_checking.o ./src/stencil_checker.o ./src/stfs_scheduling.o   -Wl,--start-group,-lxil,-lgcc,-lc,--end-group -Wl,--start-group,-lxilffs,-lxil,-lgcc,-lc,--end-group
'Finished building target: multiblock_sch_app.elf'
' '
'Invoking: ARM v7 Print Size'
arm-none-eabi-size multiblock_sch_app.elf  |tee "multiblock_sch_app.elf.size"
   text	   data	    bss	    dec	    hex	filename
 136744	   3420	322131760	322271924	13357ab4	multiblock_sch_app.elf
'Finished building: multiblock_sch_app.elf.size'
' '
10:26:48 **** Incremental Build of configuration Debug for project multiblock_sch_app ****
make pre-build main-build 
a9-linaro-pre-build-step
' '
'Building file: ../src/helloworld.c'
'Invoking: ARM v7 gcc compiler'
arm-none-eabi-gcc -Wall -O0 -g3 -c -fmessage-length=0 -MT"src/helloworld.o" -mcpu=cortex-a9 -mfpu=vfpv3 -mfloat-abi=hard -I../../multiblock_sch_app_bsp/ps7_cortexa9_0/include -MMD -MP -MF"src/helloworld.d" -MT"src/helloworld.o" -o "src/helloworld.o" "../src/helloworld.c"
../src/helloworld.c: In function 'main':
../src/helloworld.c:87:6: warning: implicit declaration of function 'stfs_scheduling' [-Wimplicit-function-declaration]
      stfs_scheduling(Resource, PR_Resource, latency,Quantum);
      ^~~~~~~~~~~~~~~
'Finished building: ../src/helloworld.c'
' '
'Building file: ../src/stfs_scheduling.c'
'Invoking: ARM v7 gcc compiler'
arm-none-eabi-gcc -Wall -O0 -g3 -c -fmessage-length=0 -MT"src/stfs_scheduling.o" -mcpu=cortex-a9 -mfpu=vfpv3 -mfloat-abi=hard -I../../multiblock_sch_app_bsp/ps7_cortexa9_0/include -MMD -MP -MF"src/stfs_scheduling.d" -MT"src/stfs_scheduling.o" -o "src/stfs_scheduling.o" "../src/stfs_scheduling.c"
../src/stfs_scheduling.c: In function 'stfs_swaping':
../src/stfs_scheduling.c:284:8: warning: unused variable 'old_order' [-Wunused-variable]
    int old_order = Slots->IP_order;
        ^~~~~~~~~
'Finished building: ../src/stfs_scheduling.c'
' '
'Building target: multiblock_sch_app.elf'
'Invoking: ARM v7 gcc linker'
arm-none-eabi-gcc -mcpu=cortex-a9 -mfpu=vfpv3 -mfloat-abi=hard -Wl,-build-id=none -specs=Xilinx.spec -Wl,-T -Wl,../src/lscript.ld -L../../multiblock_sch_app_bsp/ps7_cortexa9_0/lib -o "multiblock_sch_app.elf"  ./src/PR_executer.o ./src/aes_checker.o ./src/bfs_checker.o ./src/fft_checker.o ./src/fft_profiling.o ./src/gemm_checker.o ./src/helloworld.o ./src/kmp_checker.o ./src/platform.o ./src/scheduler.o ./src/sha_checker.o ./src/sha_profiling.o ./src/sort_checker.o ./src/sort_profiling.o ./src/spmv_checking.o ./src/stencil_checker.o ./src/stfs_scheduling.o   -Wl,--start-group,-lxil,-lgcc,-lc,--end-group -Wl,--start-group,-lxilffs,-lxil,-lgcc,-lc,--end-group
'Finished building target: multiblock_sch_app.elf'
' '
'Invoking: ARM v7 Print Size'
arm-none-eabi-size multiblock_sch_app.elf  |tee "multiblock_sch_app.elf.size"
   text	   data	    bss	    dec	    hex	filename
 137344	   3420	322131760	322272524	13357d0c	multiblock_sch_app.elf
'Finished building: multiblock_sch_app.elf.size'
' '
10:26:57 **** Incremental Build of configuration Debug for project multiblock_sch_app ****
make pre-build main-build 
a9-linaro-pre-build-step
' '
'Building file: ../src/helloworld.c'
'Invoking: ARM v7 gcc compiler'
arm-none-eabi-gcc -Wall -O0 -g3 -c -fmessage-length=0 -MT"src/helloworld.o" -mcpu=cortex-a9 -mfpu=vfpv3 -mfloat-abi=hard -I../../multiblock_sch_app_bsp/ps7_cortexa9_0/include -MMD -MP -MF"src/helloworld.d" -MT"src/helloworld.o" -o "src/helloworld.o" "../src/helloworld.c"
../src/helloworld.c: In function 'main':
../src/helloworld.c:87:6: warning: implicit declaration of function 'stfs_scheduling' [-Wimplicit-function-declaration]
      stfs_scheduling(Resource, PR_Resource, latency,Quantum);
      ^~~~~~~~~~~~~~~
'Finished building: ../src/helloworld.c'
' '
'Building target: multiblock_sch_app.elf'
'Invoking: ARM v7 gcc linker'
arm-none-eabi-gcc -mcpu=cortex-a9 -mfpu=vfpv3 -mfloat-abi=hard -Wl,-build-id=none -specs=Xilinx.spec -Wl,-T -Wl,../src/lscript.ld -L../../multiblock_sch_app_bsp/ps7_cortexa9_0/lib -o "multiblock_sch_app.elf"  ./src/PR_executer.o ./src/aes_checker.o ./src/bfs_checker.o ./src/fft_checker.o ./src/fft_profiling.o ./src/gemm_checker.o ./src/helloworld.o ./src/kmp_checker.o ./src/platform.o ./src/scheduler.o ./src/sha_checker.o ./src/sha_profiling.o ./src/sort_checker.o ./src/sort_profiling.o ./src/spmv_checking.o ./src/stencil_checker.o ./src/stfs_scheduling.o   -Wl,--start-group,-lxil,-lgcc,-lc,--end-group -Wl,--start-group,-lxilffs,-lxil,-lgcc,-lc,--end-group
'Finished building target: multiblock_sch_app.elf'
' '
'Invoking: ARM v7 Print Size'
arm-none-eabi-size multiblock_sch_app.elf  |tee "multiblock_sch_app.elf.size"
   text	   data	    bss	    dec	    hex	filename
 137344	   3420	322131760	322272524	13357d0c	multiblock_sch_app.elf
'Finished building: multiblock_sch_app.elf.size'
' '
10:27:10 **** Incremental Build of configuration Debug for project multiblock_sch_app ****
make pre-build main-build 
a9-linaro-pre-build-step
' '
make: Nothing to be done for `main-build'.
10:28:05 **** Incremental Build of configuration Debug for project multiblock_sch_app ****
make pre-build main-build 
a9-linaro-pre-build-step
' '
'Building file: ../src/stfs_scheduling.c'
'Invoking: ARM v7 gcc compiler'
arm-none-eabi-gcc -Wall -O0 -g3 -c -fmessage-length=0 -MT"src/stfs_scheduling.o" -mcpu=cortex-a9 -mfpu=vfpv3 -mfloat-abi=hard -I../../multiblock_sch_app_bsp/ps7_cortexa9_0/include -MMD -MP -MF"src/stfs_scheduling.d" -MT"src/stfs_scheduling.o" -o "src/stfs_scheduling.o" "../src/stfs_scheduling.c"
../src/stfs_scheduling.c: In function 'stfs_swaping':
../src/stfs_scheduling.c:284:8: warning: unused variable 'old_order' [-Wunused-variable]
    int old_order = Slots->IP_order;
        ^~~~~~~~~
'Finished building: ../src/stfs_scheduling.c'
' '
'Building target: multiblock_sch_app.elf'
'Invoking: ARM v7 gcc linker'
arm-none-eabi-gcc -mcpu=cortex-a9 -mfpu=vfpv3 -mfloat-abi=hard -Wl,-build-id=none -specs=Xilinx.spec -Wl,-T -Wl,../src/lscript.ld -L../../multiblock_sch_app_bsp/ps7_cortexa9_0/lib -o "multiblock_sch_app.elf"  ./src/PR_executer.o ./src/aes_checker.o ./src/bfs_checker.o ./src/fft_checker.o ./src/fft_profiling.o ./src/gemm_checker.o ./src/helloworld.o ./src/kmp_checker.o ./src/platform.o ./src/scheduler.o ./src/sha_checker.o ./src/sha_profiling.o ./src/sort_checker.o ./src/sort_profiling.o ./src/spmv_checking.o ./src/stencil_checker.o ./src/stfs_scheduling.o   -Wl,--start-group,-lxil,-lgcc,-lc,--end-group -Wl,--start-group,-lxilffs,-lxil,-lgcc,-lc,--end-group
'Finished building target: multiblock_sch_app.elf'
' '
'Invoking: ARM v7 Print Size'
arm-none-eabi-size multiblock_sch_app.elf  |tee "multiblock_sch_app.elf.size"
   text	   data	    bss	    dec	    hex	filename
 136760	   3420	322131760	322271940	13357ac4	multiblock_sch_app.elf
'Finished building: multiblock_sch_app.elf.size'
' '
10:28:35 **** Incremental Build of configuration Debug for project multiblock_sch_app ****
make pre-build main-build 
a9-linaro-pre-build-step
[...]
'Finished building target: multiblock_sch_app.elf'
' '
'Invoking: ARM v7 Print Size'
arm-none-eabi-size multiblock_sch_app.elf  |tee "multiblock_sch_app.elf.size"
   text	   data	    bss	    dec	    hex	filename
 137936	   3420	322131760	322273116	13357f5c	multiblock_sch_app.elf
'Finished building: multiblock_sch_app.elf.size'
' '
11:16:37 **** Incremental Build of configuration Debug for project multiblock_sch_app ****
make pre-build main-build 
a9-linaro-pre-build-step
' '
'Building file: ../src/helloworld.c'
'Invoking: ARM v7 gcc compiler'
arm-none-eabi-gcc -Wall -O0 -g3 -c -fmessage-length=0 -MT"src/helloworld.o" -mcpu=cortex-a9 -mfpu=vfpv3 -mfloat-abi=hard -I../../multiblock_sch_app_bsp/ps7_cortexa9_0/include -MMD -MP -MF"src/helloworld.d" -MT"src/helloworld.o" -o "src/helloworld.o" "../src/helloworld.c"
'Finished building: ../src/helloworld.c'
' '
'Building file: ../src/scheduler.c'
'Invoking: ARM v7 gcc compiler'
arm-none-eabi-gcc -Wall -O0 -g3 -c -fmessage-length=0 -MT"src/scheduler.o" -mcpu=cortex-a9 -mfpu=vfpv3 -mfloat-abi=hard -I../../multiblock_sch_app_bsp/ps7_cortexa9_0/include -MMD -MP -MF"src/scheduler.d" -MT"src/scheduler.o" -o "src/scheduler.o" "../src/scheduler.c"
'Finished building: ../src/scheduler.c'
' '
'Building target: multiblock_sch_app.elf'
'Invoking: ARM v7 gcc linker'
arm-none-eabi-gcc -mcpu=cortex-a9 -mfpu=vfpv3 -mfloat-abi=hard -Wl,-build-id=none -specs=Xilinx.spec -Wl,-T -Wl,../src/lscript.ld -L../../multiblock_sch_app_bsp/ps7_cortexa9_0/lib -o "multiblock_sch_app.elf"  ./src/PR_executer.o ./src/aes_checker.o ./src/bfs_checker.o ./src/fft_checker.o ./src/fft_profiling.o ./src/gemm_checker.o ./src/helloworld.o ./src/kmp_checker.o ./src/platform.o ./src/scheduler.o ./src/sha_checker.o ./src/sha_profiling.o ./src/sort_checker.o ./src/sort_profiling.o ./src/spmv_checking.o ./src/stencil_checker.o ./src/stfs_scheduling.o   -Wl,--start-group,-lxil,-lgcc,-lc,--end-group -Wl,--start-group,-lxilffs,-lxil,-lgcc,-lc,--end-group
'Finished building target: multiblock_sch_app.elf'
' '
'Invoking: ARM v7 Print Size'
arm-none-eabi-size multiblock_sch_app.elf  |tee "multiblock_sch_app.elf.size"
   text	   data	    bss	    dec	    hex	filename
 138072	   3420	322131760	322273252	13357fe4	multiblock_sch_app.elf
'Finished building: multiblock_sch_app.elf.size'
' '
11:19:29 **** Incremental Build of configuration Debug for project multiblock_sch_app ****
make pre-build main-build 
a9-linaro-pre-build-step
' '
'Building file: ../src/helloworld.c'
'Invoking: ARM v7 gcc compiler'
arm-none-eabi-gcc -Wall -O0 -g3 -c -fmessage-length=0 -MT"src/helloworld.o" -mcpu=cortex-a9 -mfpu=vfpv3 -mfloat-abi=hard -I../../multiblock_sch_app_bsp/ps7_cortexa9_0/include -MMD -MP -MF"src/helloworld.d" -MT"src/helloworld.o" -o "src/helloworld.o" "../src/helloworld.c"
'Finished building: ../src/helloworld.c'
' '
'Building file: ../src/scheduler.c'
'Invoking: ARM v7 gcc compiler'
arm-none-eabi-gcc -Wall -O0 -g3 -c -fmessage-length=0 -MT"src/scheduler.o" -mcpu=cortex-a9 -mfpu=vfpv3 -mfloat-abi=hard -I../../multiblock_sch_app_bsp/ps7_cortexa9_0/include -MMD -MP -MF"src/scheduler.d" -MT"src/scheduler.o" -o "src/scheduler.o" "../src/scheduler.c"
'Finished building: ../src/scheduler.c'
' '
'Building target: multiblock_sch_app.elf'
'Invoking: ARM v7 gcc linker'
arm-none-eabi-gcc -mcpu=cortex-a9 -mfpu=vfpv3 -mfloat-abi=hard -Wl,-build-id=none -specs=Xilinx.spec -Wl,-T -Wl,../src/lscript.ld -L../../multiblock_sch_app_bsp/ps7_cortexa9_0/lib -o "multiblock_sch_app.elf"  ./src/PR_executer.o ./src/aes_checker.o ./src/bfs_checker.o ./src/fft_checker.o ./src/fft_profiling.o ./src/gemm_checker.o ./src/helloworld.o ./src/kmp_checker.o ./src/platform.o ./src/scheduler.o ./src/sha_checker.o ./src/sha_profiling.o ./src/sort_checker.o ./src/sort_profiling.o ./src/spmv_checking.o ./src/stencil_checker.o ./src/stfs_scheduling.o   -Wl,--start-group,-lxil,-lgcc,-lc,--end-group -Wl,--start-group,-lxilffs,-lxil,-lgcc,-lc,--end-group
'Finished building target: multiblock_sch_app.elf'
' '
'Invoking: ARM v7 Print Size'
arm-none-eabi-size multiblock_sch_app.elf  |tee "multiblock_sch_app.elf.size"
   text	   data	    bss	    dec	    hex	filename
 138184	   3420	322131760	322273364	13358054	multiblock_sch_app.elf
'Finished building: multiblock_sch_app.elf.size'
' '
12:28:54 **** Incremental Build of configuration Debug for project multiblock_sch_app ****
make pre-build main-build 
a9-linaro-pre-build-step
' '
'Building file: ../src/PR_executer.c'
'Invoking: ARM v7 gcc compiler'
arm-none-eabi-gcc -Wall -O0 -g3 -c -fmessage-length=0 -MT"src/PR_executer.o" -mcpu=cortex-a9 -mfpu=vfpv3 -mfloat-abi=hard -I../../multiblock_sch_app_bsp/ps7_cortexa9_0/include -MMD -MP -MF"src/PR_executer.d" -MT"src/PR_executer.o" -o "src/PR_executer.o" "../src/PR_executer.c"
'Finished building: ../src/PR_executer.c'
' '
'Building file: ../src/aes_checker.c'
'Invoking: ARM v7 gcc compiler'
arm-none-eabi-gcc -Wall -O0 -g3 -c -fmessage-length=0 -MT"src/aes_checker.o" -mcpu=cortex-a9 -mfpu=vfpv3 -mfloat-abi=hard -I../../multiblock_sch_app_bsp/ps7_cortexa9_0/include -MMD -MP -MF"src/aes_checker.d" -MT"src/aes_checker.o" -o "src/aes_checker.o" "../src/aes_checker.c"
../src/aes_checker.c: In function 'aes_256_operation':
../src/aes_checker.c:30:4: warning: this 'else' clause does not guard... [-Wmisleading-indentation]
    else
    ^~~~
../src/aes_checker.c:32:5: note: ...this statement, but the latter is misleadingly indented as if it is guarded by the 'else'
     for (i = 0; i < 8; i++)
     ^~~
../src/aes_checker.c:17:14: warning: variable 'res1' set but not used [-Wunused-but-set-variable]
     uint32_t res1;
              ^~~~
../src/aes_checker.c:16:14: warning: variable 'res0' set but not used [-Wunused-but-set-variable]
     uint32_t res0;
              ^~~~
'Finished building: ../src/aes_checker.c'
' '
'Building file: ../src/bfs_checker.c'
'Invoking: ARM v7 gcc compiler'
arm-none-eabi-gcc -Wall -O0 -g3 -c -fmessage-length=0 -MT"src/bfs_checker.o" -mcpu=cortex-a9 -mfpu=vfpv3 -mfloat-abi=hard -I../../multiblock_sch_app_bsp/ps7_cortexa9_0/include -MMD -MP -MF"src/bfs_checker.d" -MT"src/bfs_checker.o" -o "src/bfs_checker.o" "../src/bfs_checker.c"
'Finished building: ../src/bfs_checker.c'
' '
'Building file: ../src/fft_checker.c'
'Invoking: ARM v7 gcc compiler'
arm-none-eabi-gcc -Wall -O0 -g3 -c -fmessage-length=0 -MT"src/fft_checker.o" -mcpu=cortex-a9 -mfpu=vfpv3 -mfloat-abi=hard -I../../multiblock_sch_app_bsp/ps7_cortexa9_0/include -MMD -MP -MF"src/fft_checker.d" -MT"src/fft_checker.o" -o "src/fft_checker.o" "../src/fft_checker.c"
../src/fft_checker.c: In function 'fft_operation':
../src/fft_checker.c:38:23: warning: variable 'tmp' set but not used [-Wunused-but-set-variable]
              uint32_t tmp;
                       ^~~
'Finished building: ../src/fft_checker.c'
' '
'Building file: ../src/fft_profiling.c'
'Invoking: ARM v7 gcc compiler'
arm-none-eabi-gcc -Wall -O0 -g3 -c -fmessage-length=0 -MT"src/fft_profiling.o" -mcpu=cortex-a9 -mfpu=vfpv3 -mfloat-abi=hard -I../../multiblock_sch_app_bsp/ps7_cortexa9_0/include -MMD -MP -MF"src/fft_profiling.d" -MT"src/fft_profiling.o" -o "src/fft_profiling.o" "../src/fft_profiling.c"
'Finished building: ../src/fft_profiling.c'
' '
'Building file: ../src/gemm_checker.c'
'Invoking: ARM v7 gcc compiler'
arm-none-eabi-gcc -Wall -O0 -g3 -c -fmessage-length=0 -MT"src/gemm_checker.o" -mcpu=cortex-a9 -mfpu=vfpv3 -mfloat-abi=hard -I../../multiblock_sch_app_bsp/ps7_cortexa9_0/include -MMD -MP -MF"src/gemm_checker.d" -MT"src/gemm_checker.o" -o "src/gemm_checker.o" "../src/gemm_checker.c"
../src/gemm_checker.c: In function 'gemm_operation':
../src/gemm_checker.c:18:14: warning: implicit declaration of function 'PR_execution' [-Wimplicit-function-declaration]
              PR_execution("gemm0.bin");
              ^~~~~~~~~~~~
../src/gemm_checker.c:43:29: warning: variable 'tmp' set but not used [-Wunused-but-set-variable]
                    for (i = 0; i < 8192; i++){
                             ^~~
../src/gemm_checker.c:83:29: warning: variable 'tmp' set but not used [-Wunused-but-set-variable]
                    for (i = 0; i < 8192; i++){
                             ^~~
'Finished building: ../src/gemm_checker.c'
' '
'Building file: ../src/helloworld.c'
'Invoking: ARM v7 gcc compiler'
arm-none-eabi-gcc -Wall -O0 -g3 -c -fmessage-length=0 -MT"src/helloworld.o" -mcpu=cortex-a9 -mfpu=vfpv3 -mfloat-abi=hard -I../../multiblock_sch_app_bsp/ps7_cortexa9_0/include -MMD -MP -MF"src/helloworld.d" -MT"src/helloworld.o" -o "src/helloworld.o" "../src/helloworld.c"
'Finished building: ../src/helloworld.c'
' '
'Building file: ../src/kmp_checker.c'
'Invoking: ARM v7 gcc compiler'
arm-none-eabi-gcc -Wall -O0 -g3 -c -fmessage-length=0 -MT"src/kmp_checker.o" -mcpu=cortex-a9 -mfpu=vfpv3 -mfloat-abi=hard -I../../multiblock_sch_app_bsp/ps7_cortexa9_0/include -MMD -MP -MF"src/kmp_checker.d" -MT"src/kmp_checker.o" -o "src/kmp_checker.o" "../src/kmp_checker.c"
../src/kmp_checker.c: In function 'kmp_operation':
../src/kmp_checker.c:19:14: warning: implicit declaration of function 'PR_execution' [-Wimplicit-function-declaration]
              PR_execution("kmp0.bin");
              ^~~~~~~~~~~~
../src/kmp_checker.c:44:25: warning: variable 'tmp' set but not used [-Wunused-but-set-variable]
                uint32_t tmp;
                         ^~~
../src/kmp_checker.c:87:16: warning: variable 'tmp' set but not used [-Wunused-but-set-variable]
       uint32_t tmp;
                ^~~
../src/kmp_checker.c:130:16: warning: variable 'tmp' set but not used [-Wunused-but-set-variable]
       uint32_t tmp;
                ^~~
'Finished building: ../src/kmp_checker.c'
' '
'Building file: ../src/scheduler.c'
'Invoking: ARM v7 gcc compiler'
arm-none-eabi-gcc -Wall -O0 -g3 -c -fmessage-length=0 -MT"src/scheduler.o" -mcpu=cortex-a9 -mfpu=vfpv3 -mfloat-abi=hard -I../../multiblock_sch_app_bsp/ps7_cortexa9_0/include -MMD -MP -MF"src/scheduler.d" -MT"src/scheduler.o" -o "src/scheduler.o" "../src/scheduler.c"
'Finished building: ../src/scheduler.c'
' '
'Building file: ../src/sha_checker.c'
'Invoking: ARM v7 gcc compiler'
arm-none-eabi-gcc -Wall -O0 -g3 -c -fmessage-length=0 -MT"src/sha_checker.o" -mcpu=cortex-a9 -mfpu=vfpv3 -mfloat-abi=hard -I../../multiblock_sch_app_bsp/ps7_cortexa9_0/include -MMD -MP -MF"src/sha_checker.d" -MT"src/sha_checker.o" -o "src/sha_checker.o" "../src/sha_checker.c"
../src/sha_checker.c: In function 'sha_operation':
../src/sha_checker.c:39:18: warning: variable 'tmp' set but not used [-Wunused-but-set-variable]
         uint32_t tmp;
                  ^~~
../src/sha_checker.c:72:18: warning: variable 'tmp' set but not used [-Wunused-but-set-variable]
         uint32_t tmp;
                  ^~~
../src/sha_checker.c:104:18: warning: variable 'tmp' set but not used [-Wunused-but-set-variable]
         uint32_t tmp;
                  ^~~
'Finished building: ../src/sha_checker.c'
' '
'Building file: ../src/sha_profiling.c'
'Invoking: ARM v7 gcc compiler'
arm-none-eabi-gcc -Wall -O0 -g3 -c -fmessage-length=0 -MT"src/sha_profiling.o" -mcpu=cortex-a9 -mfpu=vfpv3 -mfloat-abi=hard -I../../multiblock_sch_app_bsp/ps7_cortexa9_0/include -MMD -MP -MF"src/sha_profiling.d" -MT"src/sha_profiling.o" -o "src/sha_profiling.o" "../src/sha_profiling.c"
'Finished building: ../src/sha_profiling.c'
' '
'Building file: ../src/sort_checker.c'
'Invoking: ARM v7 gcc compiler'
arm-none-eabi-gcc -Wall -O0 -g3 -c -fmessage-length=0 -MT"src/sort_checker.o" -mcpu=cortex-a9 -mfpu=vfpv3 -mfloat-abi=hard -I../../multiblock_sch_app_bsp/ps7_cortexa9_0/include -MMD -MP -MF"src/sort_checker.d" -MT"src/sort_checker.o" -o "src/sort_checker.o" "../src/sort_checker.c"
../src/sort_checker.c: In function 'sort_operation':
../src/sort_checker.c:40:29: warning: variable 'tmp' set but not used [-Wunused-but-set-variable]
                    uint32_t tmp;
                             ^~~
../src/sort_checker.c:75:29: warning: variable 'tmp' set but not used [-Wunused-but-set-variable]
                    uint32_t tmp;
                             ^~~
../src/sort_checker.c:110:29: warning: variable 'tmp' set but not used [-Wunused-but-set-variable]
                    uint32_t tmp;
                             ^~~
'Finished building: ../src/sort_checker.c'
' '
'Building file: ../src/sort_profiling.c'
'Invoking: ARM v7 gcc compiler'
arm-none-eabi-gcc -Wall -O0 -g3 -c -fmessage-length=0 -MT"src/sort_profiling.o" -mcpu=cortex-a9 -mfpu=vfpv3 -mfloat-abi=hard -I../../multiblock_sch_app_bsp/ps7_cortexa9_0/include -MMD -MP -MF"src/sort_profiling.d" -MT"src/sort_profiling.o" -o "src/sort_profiling.o" "../src/sort_profiling.c"
'Finished building: ../src/sort_profiling.c'
' '
'Building file: ../src/spmv_checking.c'
'Invoking: ARM v7 gcc compiler'
arm-none-eabi-gcc -Wall -O0 -g3 -c -fmessage-length=0 -MT"src/spmv_checking.o" -mcpu=cortex-a9 -mfpu=vfpv3 -mfloat-abi=hard -I../../multiblock_sch_app_bsp/ps7_cortexa9_0/include -MMD -MP -MF"src/spmv_checking.d" -MT"src/spmv_checking.o" -o "src/spmv_checking.o" "../src/spmv_checking.c"
../src/spmv_checking.c: In function 'spmv_operation':
../src/spmv_checking.c:12:14: warning: implicit declaration of function 'PR_execution' [-Wimplicit-function-declaration]
              PR_execution("spmv0.bin");
              ^~~~~~~~~~~~
../src/spmv_checking.c:42:29: warning: variable 'tmp' set but not used [-Wunused-but-set-variable]
                    uint32_t tmp;
                             ^~~
../src/spmv_checking.c:86:29: warning: variable 'tmp' set but not used [-Wunused-but-set-variable]
                    uint32_t tmp;
                             ^~~
../src/spmv_checking.c:130:29: warning: variable 'tmp' set but not used [-Wunused-but-set-variable]
                    uint32_t tmp;
                             ^~~
'Finished building: ../src/spmv_checking.c'
' '
'Building file: ../src/stencil_checker.c'
'Invoking: ARM v7 gcc compiler'
arm-none-eabi-gcc -Wall -O0 -g3 -c -fmessage-length=0 -MT"src/stencil_checker.o" -mcpu=cortex-a9 -mfpu=vfpv3 -mfloat-abi=hard -I../../multiblock_sch_app_bsp/ps7_cortexa9_0/include -MMD -MP -MF"src/stencil_checker.d" -MT"src/stencil_checker.o" -o "src/stencil_checker.o" "../src/stencil_checker.c"
../src/stencil_checker.c: In function 'stencil_operation':
../src/stencil_checker.c:40:29: warning: variable 'tmp' set but not used [-Wunused-but-set-variable]
                    uint32_t tmp;
                             ^~~
../src/stencil_checker.c:76:29: warning: variable 'tmp' set but not used [-Wunused-but-set-variable]
                    uint32_t tmp;
                             ^~~
'Finished building: ../src/stencil_checker.c'
' '
'Building file: ../src/stfs_scheduling.c'
'Invoking: ARM v7 gcc compiler'
arm-none-eabi-gcc -Wall -O0 -g3 -c -fmessage-length=0 -MT"src/stfs_scheduling.o" -mcpu=cortex-a9 -mfpu=vfpv3 -mfloat-abi=hard -I../../multiblock_sch_app_bsp/ps7_cortexa9_0/include -MMD -MP -MF"src/stfs_scheduling.d" -MT"src/stfs_scheduling.o" -o "src/stfs_scheduling.o" "../src/stfs_scheduling.c"
../src/stfs_scheduling.c: In function 'stfs_swaping':
../src/stfs_scheduling.c:282:8: warning: unused variable 'old_order' [-Wunused-variable]
    int old_order = Slots->IP_order;
        ^~~~~~~~~
'Finished building: ../src/stfs_scheduling.c'
' '
'Building target: multiblock_sch_app.elf'
'Invoking: ARM v7 gcc linker'
arm-none-eabi-gcc -mcpu=cortex-a9 -mfpu=vfpv3 -mfloat-abi=hard -Wl,-build-id=none -specs=Xilinx.spec -Wl,-T -Wl,../src/lscript.ld -L../../multiblock_sch_app_bsp/ps7_cortexa9_0/lib -o "multiblock_sch_app.elf"  ./src/PR_executer.o ./src/aes_checker.o ./src/bfs_checker.o ./src/fft_checker.o ./src/fft_profiling.o ./src/gemm_checker.o ./src/helloworld.o ./src/kmp_checker.o ./src/platform.o ./src/scheduler.o ./src/sha_checker.o ./src/sha_profiling.o ./src/sort_checker.o ./src/sort_profiling.o ./src/spmv_checking.o ./src/stencil_checker.o ./src/stfs_scheduling.o   -Wl,--start-group,-lxil,-lgcc,-lc,--end-group -Wl,--start-group,-lxilffs,-lxil,-lgcc,-lc,--end-group
'Finished building target: multiblock_sch_app.elf'
' '
'Invoking: ARM v7 Print Size'
arm-none-eabi-size multiblock_sch_app.elf  |tee "multiblock_sch_app.elf.size"
   text	   data	    bss	    dec	    hex	filename
 138112	   3420	322131760	322273292	1335800c	multiblock_sch_app.elf
'Finished building: multiblock_sch_app.elf.size'
' '
14:45:16 **** Incremental Build of configuration Debug for project multiblock_sch_app ****
make pre-build main-build 
a9-linaro-pre-build-step
' '
'Building file: ../src/helloworld.c'
'Invoking: ARM v7 gcc compiler'
arm-none-eabi-gcc -Wall -O0 -g3 -c -fmessage-length=0 -MT"src/helloworld.o" -mcpu=cortex-a9 -mfpu=vfpv3 -mfloat-abi=hard -I../../multiblock_sch_app_bsp/ps7_cortexa9_0/include -MMD -MP -MF"src/helloworld.d" -MT"src/helloworld.o" -o "src/helloworld.o" "../src/helloworld.c"
'Finished building: ../src/helloworld.c'
' '
'Building target: multiblock_sch_app.elf'
'Invoking: ARM v7 gcc linker'
arm-none-eabi-gcc -mcpu=cortex-a9 -mfpu=vfpv3 -mfloat-abi=hard -Wl,-build-id=none -specs=Xilinx.spec -Wl,-T -Wl,../src/lscript.ld -L../../multiblock_sch_app_bsp/ps7_cortexa9_0/lib -o "multiblock_sch_app.elf"  ./src/PR_executer.o ./src/aes_checker.o ./src/bfs_checker.o ./src/fft_checker.o ./src/fft_profiling.o ./src/gemm_checker.o ./src/helloworld.o ./src/kmp_checker.o ./src/platform.o ./src/scheduler.o ./src/sha_checker.o ./src/sha_profiling.o ./src/sort_checker.o ./src/sort_profiling.o ./src/spmv_checking.o ./src/stencil_checker.o ./src/stfs_scheduling.o   -Wl,--start-group,-lxil,-lgcc,-lc,--end-group -Wl,--start-group,-lxilffs,-lxil,-lgcc,-lc,--end-group
'Finished building target: multiblock_sch_app.elf'
' '
'Invoking: ARM v7 Print Size'
arm-none-eabi-size multiblock_sch_app.elf  |tee "multiblock_sch_app.elf.size"
   text	   data	    bss	    dec	    hex	filename
 138112	   3420	322131760	322273292	1335800c	multiblock_sch_app.elf
'Finished building: multiblock_sch_app.elf.size'
' '
14:45:31 **** Incremental Build of configuration Debug for project multiblock_sch_app ****
make pre-build main-build 
a9-linaro-pre-build-step
' '
'Building file: ../src/helloworld.c'
'Invoking: ARM v7 gcc compiler'
arm-none-eabi-gcc -Wall -O0 -g3 -c -fmessage-length=0 -MT"src/helloworld.o" -mcpu=cortex-a9 -mfpu=vfpv3 -mfloat-abi=hard -I../../multiblock_sch_app_bsp/ps7_cortexa9_0/include -MMD -MP -MF"src/helloworld.d" -MT"src/helloworld.o" -o "src/helloworld.o" "../src/helloworld.c"
'Finished building: ../src/helloworld.c'
' '
'Building target: multiblock_sch_app.elf'
'Invoking: ARM v7 gcc linker'
arm-none-eabi-gcc -mcpu=cortex-a9 -mfpu=vfpv3 -mfloat-abi=hard -Wl,-build-id=none -specs=Xilinx.spec -Wl,-T -Wl,../src/lscript.ld -L../../multiblock_sch_app_bsp/ps7_cortexa9_0/lib -o "multiblock_sch_app.elf"  ./src/PR_executer.o ./src/aes_checker.o ./src/bfs_checker.o ./src/fft_checker.o ./src/fft_profiling.o ./src/gemm_checker.o ./src/helloworld.o ./src/kmp_checker.o ./src/platform.o ./src/scheduler.o ./src/sha_checker.o ./src/sha_profiling.o ./src/sort_checker.o ./src/sort_profiling.o ./src/spmv_checking.o ./src/stencil_checker.o ./src/stfs_scheduling.o   -Wl,--start-group,-lxil,-lgcc,-lc,--end-group -Wl,--start-group,-lxilffs,-lxil,-lgcc,-lc,--end-group
'Finished building target: multiblock_sch_app.elf'
' '
'Invoking: ARM v7 Print Size'
arm-none-eabi-size multiblock_sch_app.elf  |tee "multiblock_sch_app.elf.size"
   text	   data	    bss	    dec	    hex	filename
 138112	   3420	322131760	322273292	1335800c	multiblock_sch_app.elf
'Finished building: multiblock_sch_app.elf.size'
' '
